Component: ARM Compiler 5.06 update 4 (build 422) Tool: armlink [4d35d2]

==============================================================================

Section Cross References

    startup_stm32f427xx.o(STACK) refers (Special) to heapauxi.o(.text) for __use_two_region_memory
    startup_stm32f427xx.o(HEAP) refers (Special) to heapauxi.o(.text) for __use_two_region_memory
    startup_stm32f427xx.o(RESET) refers (Special) to heapauxi.o(.text) for __use_two_region_memory
    startup_stm32f427xx.o(RESET) refers to startup_stm32f427xx.o(STACK) for __initial_sp
    startup_stm32f427xx.o(RESET) refers to startup_stm32f427xx.o(.text) for Reset_Handler
    startup_stm32f427xx.o(RESET) refers to stm32f4xx_it.o(i.NMI_Handler) for NMI_Handler
    startup_stm32f427xx.o(RESET) refers to stm32f4xx_it.o(i.HardFault_Handler) for HardFault_Handler
    startup_stm32f427xx.o(RESET) refers to stm32f4xx_it.o(i.MemManage_Handler) for MemManage_Handler
    startup_stm32f427xx.o(RESET) refers to stm32f4xx_it.o(i.BusFault_Handler) for BusFault_Handler
    startup_stm32f427xx.o(RESET) refers to stm32f4xx_it.o(i.UsageFault_Handler) for UsageFault_Handler
    startup_stm32f427xx.o(RESET) refers to stm32f4xx_it.o(i.SVC_Handler) for SVC_Handler
    startup_stm32f427xx.o(RESET) refers to stm32f4xx_it.o(i.DebugMon_Handler) for DebugMon_Handler
    startup_stm32f427xx.o(RESET) refers to stm32f4xx_it.o(i.PendSV_Handler) for PendSV_Handler
    startup_stm32f427xx.o(RESET) refers to stm32f4xx_it.o(i.SysTick_Handler) for SysTick_Handler
    startup_stm32f427xx.o(RESET) refers to stm32f4xx_it.o(i.CAN1_RX0_IRQHandler) for CAN1_RX0_IRQHandler
    startup_stm32f427xx.o(RESET) refers to remote_control.o(i.USART1_IRQHandler) for USART1_IRQHandler
    startup_stm32f427xx.o(RESET) refers to stm32f4xx_it.o(i.DMA2_Stream0_IRQHandler) for DMA2_Stream0_IRQHandler
    startup_stm32f427xx.o(RESET) refers to stm32f4xx_it.o(i.DMA2_Stream1_IRQHandler) for DMA2_Stream1_IRQHandler
    startup_stm32f427xx.o(RESET) refers to stm32f4xx_it.o(i.DMA2_Stream2_IRQHandler) for DMA2_Stream2_IRQHandler
    startup_stm32f427xx.o(RESET) refers to stm32f4xx_it.o(i.CAN2_RX1_IRQHandler) for CAN2_RX1_IRQHandler
    startup_stm32f427xx.o(RESET) refers to stm32f4xx_it.o(i.SPI4_IRQHandler) for SPI4_IRQHandler
    startup_stm32f427xx.o(.text) refers (Special) to heapauxi.o(.text) for __use_two_region_memory
    startup_stm32f427xx.o(.text) refers to system_stm32f4xx.o(i.SystemInit) for SystemInit
    startup_stm32f427xx.o(.text) refers to __main.o(!!!main) for __main
    startup_stm32f427xx.o(.text) refers to startup_stm32f427xx.o(HEAP) for Heap_Mem
    startup_stm32f427xx.o(.text) refers to startup_stm32f427xx.o(STACK) for Stack_Mem
    main.o(i.INIT_SYSTEM) refers to stm32f4xx_hal.o(i.HAL_Init) for HAL_Init
    main.o(i.INIT_SYSTEM) refers to main.o(i.SystemClock_Config) for SystemClock_Config
    main.o(i.INIT_SYSTEM) refers to gpio.o(i.MX_GPIO_Init) for MX_GPIO_Init
    main.o(i.INIT_SYSTEM) refers to dma.o(i.MX_DMA_Init) for MX_DMA_Init
    main.o(i.INIT_SYSTEM) refers to can.o(i.MX_CAN1_Init) for MX_CAN1_Init
    main.o(i.INIT_SYSTEM) refers to can.o(i.MX_CAN2_Init) for MX_CAN2_Init
    main.o(i.INIT_SYSTEM) refers to spi.o(i.MX_SPI4_Init) for MX_SPI4_Init
    main.o(i.INIT_SYSTEM) refers to bsp_can.o(i.can_filter_init) for can_filter_init
    main.o(i.INIT_SYSTEM) refers to can_bldc.o(i.BLDC_MOTORS_INIT) for BLDC_MOTORS_INIT
    main.o(i.INIT_SYSTEM) refers to spi_dma.o(i.SPI_DATA_INIT) for SPI_DATA_INIT
    main.o(i.INIT_SYSTEM) refers to can_bldc.o(i.OPEN_POWER) for OPEN_POWER
    main.o(i.INIT_SYSTEM) refers to bsp_delay.o(i.delay_ms) for delay_ms
    main.o(i.SystemClock_Config) refers to rt_memclr_w.o(.text) for __aeabi_memclr4
    main.o(i.SystemClock_Config) refers to stm32f4xx_hal_rcc.o(i.HAL_RCC_OscConfig) for HAL_RCC_OscConfig
    main.o(i.SystemClock_Config) refers to main.o(i.Error_Handler) for Error_Handler
    main.o(i.SystemClock_Config) refers to stm32f4xx_hal_rcc.o(i.HAL_RCC_ClockConfig) for HAL_RCC_ClockConfig
    main.o(i.main) refers to main.o(i.INIT_SYSTEM) for INIT_SYSTEM
    main.o(i.main) refers to bsp_delay.o(i.delay_ms) for delay_ms
    main.o(i.main) refers to stm32f4xx_hal_gpio.o(i.HAL_GPIO_WritePin) for HAL_GPIO_WritePin
    main.o(i.main) refers to can_bldc.o(i.CAN_BLDC_SEND_COMMAND) for CAN_BLDC_SEND_COMMAND
    main.o(i.main) refers to main.o(.data) for loop_check
    gpio.o(i.MX_GPIO_Init) refers to rt_memclr_w.o(.text) for __aeabi_memclr4
    gpio.o(i.MX_GPIO_Init) refers to stm32f4xx_hal_gpio.o(i.HAL_GPIO_WritePin) for HAL_GPIO_WritePin
    gpio.o(i.MX_GPIO_Init) refers to stm32f4xx_hal_gpio.o(i.HAL_GPIO_Init) for HAL_GPIO_Init
    can.o(i.HAL_CAN_MspDeInit) refers to stm32f4xx_hal_gpio.o(i.HAL_GPIO_DeInit) for HAL_GPIO_DeInit
    can.o(i.HAL_CAN_MspDeInit) refers to stm32f4xx_hal_cortex.o(i.HAL_NVIC_DisableIRQ) for HAL_NVIC_DisableIRQ
    can.o(i.HAL_CAN_MspDeInit) refers to can.o(.data) for HAL_RCC_CAN1_CLK_ENABLED
[...]
    ..\Drivers\STM32F4xx_HAL_Driver\Src\stm32f4xx_hal_dma.c 0x00000000   Number         0  stm32f4xx_hal_dma.o ABSOLUTE
    ..\Drivers\STM32F4xx_HAL_Driver\Src\stm32f4xx_hal_dma_ex.c 0x00000000   Number         0  stm32f4xx_hal_dma_ex.o ABSOLUTE
    ..\Drivers\STM32F4xx_HAL_Driver\Src\stm32f4xx_hal_exti.c 0x00000000   Number         0  stm32f4xx_hal_exti.o ABSOLUTE
    ..\Drivers\STM32F4xx_HAL_Driver\Src\stm32f4xx_hal_flash.c 0x00000000   Number         0  stm32f4xx_hal_flash.o ABSOLUTE
    ..\Drivers\STM32F4xx_HAL_Driver\Src\stm32f4xx_hal_flash_ex.c 0x00000000   Number         0  stm32f4xx_hal_flash_ex.o ABSOLUTE
    ..\Drivers\STM32F4xx_HAL_Driver\Src\stm32f4xx_hal_flash_ramfunc.c 0x00000000   Number         0  stm32f4xx_hal_flash_ramfunc.o ABSOLUTE
    ..\Drivers\STM32F4xx_HAL_Driver\Src\stm32f4xx_hal_gpio.c 0x00000000   Number         0  stm32f4xx_hal_gpio.o ABSOLUTE
    ..\Drivers\STM32F4xx_HAL_Driver\Src\stm32f4xx_hal_pwr.c 0x00000000   Number         0  stm32f4xx_hal_pwr.o ABSOLUTE
    ..\Drivers\STM32F4xx_HAL_Driver\Src\stm32f4xx_hal_pwr_ex.c 0x00000000   Number         0  stm32f4xx_hal_pwr_ex.o ABSOLUTE
    ..\Drivers\STM32F4xx_HAL_Driver\Src\stm32f4xx_hal_rcc.c 0x00000000   Number         0  stm32f4xx_hal_rcc.o ABSOLUTE
    ..\Drivers\STM32F4xx_HAL_Driver\Src\stm32f4xx_hal_rcc_ex.c 0x00000000   Number         0  stm32f4xx_hal_rcc_ex.o ABSOLUTE
    ..\Drivers\STM32F4xx_HAL_Driver\Src\stm32f4xx_hal_spi.c 0x00000000   Number         0  stm32f4xx_hal_spi.o ABSOLUTE
    ..\Drivers\STM32F4xx_HAL_Driver\Src\stm32f4xx_hal_tim.c 0x00000000   Number         0  stm32f4xx_hal_tim.o ABSOLUTE
    ..\Drivers\STM32F4xx_HAL_Driver\Src\stm32f4xx_hal_tim_ex.c 0x00000000   Number         0  stm32f4xx_hal_tim_ex.o ABSOLUTE
    ..\Drivers\STM32F4xx_HAL_Driver\Src\stm32f4xx_hal_uart.c 0x00000000   Number         0  stm32f4xx_hal_uart.o ABSOLUTE
    CAN_BLDC.c                               0x00000000   Number         0  can_bldc.o ABSOLUTE
    CAN_BLDC.c                               0x00000000   Number         0  can_bldc.o ABSOLUTE
    CHECK_STATUS.c                           0x00000000   Number         0  check_status.o ABSOLUTE
    CHECK_STATUS.c                           0x00000000   Number         0  check_status.o ABSOLUTE
    REMOTE_CONTROL.c                         0x00000000   Number         0  remote_control.o ABSOLUTE
    REMOTE_CONTROL.c                         0x00000000   Number         0  remote_control.o ABSOLUTE
    SPI_DMA.c                                0x00000000   Number         0  spi_dma.o ABSOLUTE
    SPI_DMA.c                                0x00000000   Number         0  spi_dma.o ABSOLUTE
    bsp_can.c                                0x00000000   Number         0  bsp_can.o ABSOLUTE
    bsp_can.c                                0x00000000   Number         0  bsp_can.o ABSOLUTE
    bsp_delay.c                              0x00000000   Number         0  bsp_delay.o ABSOLUTE
    bsp_delay.c                              0x00000000   Number         0  bsp_delay.o ABSOLUTE
    bsp_rc.c                                 0x00000000   Number         0  bsp_rc.o ABSOLUTE
    bsp_rc.c                                 0x00000000   Number         0  bsp_rc.o ABSOLUTE
    bsp_spi.c                                0x00000000   Number         0  bsp_spi.o ABSOLUTE
    bsp_spi.c                                0x00000000   Number         0  bsp_spi.o ABSOLUTE
    dc.s                                     0x00000000   Number         0  dc.o ABSOLUTE
    startup_stm32f427xx.s                    0x00000000   Number         0  startup_stm32f427xx.o ABSOLUTE
    struct_typedef.c                         0x00000000   Number         0  struct_typedef.o ABSOLUTE
    RESET                                    0x08000000   Section      428  startup_stm32f427xx.o(RESET)
    !!!main                                  0x080001ac   Section        8  __main.o(!!!main)
    !!!scatter                               0x080001b4   Section       52  __scatter.o(!!!scatter)
    !!handler_copy                           0x080001e8   Section       26  __scatter_copy.o(!!handler_copy)
    !!handler_zi                             0x08000204   Section       28  __scatter_zi.o(!!handler_zi)
    .ARM.Collect$$libinit$$00000000          0x08000220   Section        2  libinit.o(.ARM.Collect$$libinit$$00000000)
    .ARM.Collect$$libinit$$00000001          0x08000222   Section        4  libinit2.o(.ARM.Collect$$libinit$$00000001)
    .ARM.Collect$$libinit$$00000004          0x08000226   Section        0  libinit2.o(.ARM.Collect$$libinit$$00000004)
    .ARM.Collect$$libinit$$0000000A          0x08000226   Section        0  libinit2.o(.ARM.Collect$$libinit$$0000000A)
    .ARM.Collect$$libinit$$0000000C          0x08000226   Section        0  libinit2.o(.ARM.Collect$$libinit$$0000000C)
    .ARM.Collect$$libinit$$0000000E          0x08000226   Section        0  libinit2.o(.ARM.Collect$$libinit$$0000000E)
    .ARM.Collect$$libinit$$00000011          0x08000226   Section        0  libinit2.o(.ARM.Collect$$libinit$$00000011)
    .ARM.Collect$$libinit$$00000013          0x08000226   Section        0  libinit2.o(.ARM.Collect$$libinit$$00000013)
    .ARM.Collect$$libinit$$00000015          0x08000226   Section        0  libinit2.o(.ARM.Collect$$libinit$$00000015)
    .ARM.Collect$$libinit$$00000017          0x08000226   Section        0  libinit2.o(.ARM.Collect$$libinit$$00000017)
    .ARM.Collect$$libinit$$00000019          0x08000226   Section        0  libinit2.o(.ARM.Collect$$libinit$$00000019)
    .ARM.Collect$$libinit$$0000001B          0x08000226   Section        0  libinit2.o(.ARM.Collect$$libinit$$0000001B)
    .ARM.Collect$$libinit$$0000001D          0x08000226   Section        0  libinit2.o(.ARM.Collect$$libinit$$0000001D)
    .ARM.Collect$$libinit$$0000001F          0x08000226   Section        0  libinit2.o(.ARM.Collect$$libinit$$0000001F)
    .ARM.Collect$$libinit$$00000021          0x08000226   Section        0  libinit2.o(.ARM.Collect$$libinit$$00000021)
    .ARM.Collect$$libinit$$00000023          0x08000226   Section        0  libinit2.o(.ARM.Collect$$libinit$$00000023)
    .ARM.Collect$$libinit$$00000025          0x08000226   Section        0  libinit2.o(.ARM.Collect$$libinit$$00000025)
    .ARM.Collect$$libinit$$0000002C          0x08000226   Section        0  libinit2.o(.ARM.Collect$$libinit$$0000002C)
    .ARM.Collect$$libinit$$0000002E          0x08000226   Section        0  libinit2.o(.ARM.Collect$$libinit$$0000002E)
    .ARM.Collect$$libinit$$00000030          0x08000226   Section        0  libinit2.o(.ARM.Collect$$libinit$$00000030)
    .ARM.Collect$$libinit$$00000032          0x08000226   Section        0  libinit2.o(.ARM.Collect$$libinit$$00000032)
    .ARM.Collect$$libinit$$00000033          0x08000226   Section        2  libinit2.o(.ARM.Collect$$libinit$$00000033)
    .ARM.Collect$$libshutdown$$00000000      0x08000228   Section        2  libshutdown.o(.ARM.Collect$$libshutdown$$00000000)
    .ARM.Collect$$libshutdown$$00000002      0x0800022a   Section        0  libshutdown2.o(.ARM.Collect$$libshutdown$$00000002)
    .ARM.Collect$$libshutdown$$00000004      0x0800022a   Section        0  libshutdown2.o(.ARM.Collect$$libshutdown$$00000004)
    .ARM.Collect$$libshutdown$$00000007      0x0800022a   Section        0  libshutdown2.o(.ARM.Collect$$libshutdown$$00000007)
    .ARM.Collect$$libshutdown$$0000000A      0x0800022a   Section        0  libshutdown2.o(.ARM.Collect$$libshutdown$$0000000A)
    .ARM.Collect$$libshutdown$$0000000C      0x0800022a   Section        0  libshutdown2.o(.ARM.Collect$$libshutdown$$0000000C)
    .ARM.Collect$$libshutdown$$0000000F      0x0800022a   Section        0  libshutdown2.o(.ARM.Collect$$libshutdown$$0000000F)
    .ARM.Collect$$libshutdown$$00000010      0x0800022a   Section        2  libshutdown2.o(.ARM.Collect$$libshutdown$$00000010)
    .ARM.Collect$$rtentry$$00000000          0x0800022c   Section        0  __rtentry.o(.ARM.Collect$$rtentry$$00000000)
    .ARM.Collect$$rtentry$$00000002          0x0800022c   Section        0  __rtentry2.o(.ARM.Collect$$rtentry$$00000002)
    .ARM.Collect$$rtentry$$00000004          0x0800022c   Section        6  __rtentry4.o(.ARM.Collect$$rtentry$$00000004)
    .ARM.Collect$$rtentry$$00000009          0x08000232   Section        0  __rtentry2.o(.ARM.Collect$$rtentry$$00000009)
    .ARM.Collect$$rtentry$$0000000A          0x08000232   Section        4  __rtentry2.o(.ARM.Collect$$rtentry$$0000000A)
    .ARM.Collect$$rtentry$$0000000C          0x08000236   Section        0  __rtentry2.o(.ARM.Collect$$rtentry$$0000000C)
    .ARM.Collect$$rtentry$$0000000D          0x08000236   Section        8  __rtentry2.o(.ARM.Collect$$rtentry$$0000000D)
    .ARM.Collect$$rtexit$$00000000           0x0800023e   Section        2  rtexit.o(.ARM.Collect$$rtexit$$00000000)
    .ARM.Collect$$rtexit$$00000002           0x08000240   Section        0  rtexit2.o(.ARM.Collect$$rtexit$$00000002)
    .ARM.Collect$$rtexit$$00000003           0x08000240   Section        4  rtexit2.o(.ARM.Collect$$rtexit$$00000003)
    .ARM.Collect$$rtexit$$00000004           0x08000244   Section        6  rtexit2.o(.ARM.Collect$$rtexit$$00000004)
    .text                                    0x0800024c   Section       64  startup_stm32f427xx.o(.text)
    $v0                                      0x0800024c   Number         0  startup_stm32f427xx.o(.text)
    .text                                    0x0800028c   Section      238  lludivv7m.o(.text)
    .text                                    0x0800037a   Section       78  rt_memclr_w.o(.text)
    .text                                    0x080003c8   Section        0  heapauxi.o(.text)
    .text                                    0x080003ce   Section       74  sys_stackheap_outer.o(.text)
    .text                                    0x08000418   Section        0  exit.o(.text)
    .text                                    0x0800042c   Section        8  libspace.o(.text)
    .text                                    0x08000434   Section        0  sys_exit.o(.text)
    .text                                    0x08000440   Section        2  use_no_semi.o(.text)
    .text                                    0x08000442   Section        0  indicate_semi.o(.text)
    i.BLDC_MOTORS_INIT                       0x08000444   Section        0  can_bldc.o(i.BLDC_MOTORS_INIT)
    i.BusFault_Handler                       0x080004bc   Section        0  stm32f4xx_it.o(i.BusFault_Handler)
    i.CAN1_RX0_IRQHandler                    0x080004c0   Section        0  stm32f4xx_it.o(i.CAN1_RX0_IRQHandler)
    i.CAN2_RX1_IRQHandler                    0x080004d0   Section        0  stm32f4xx_it.o(i.CAN2_RX1_IRQHandler)
    i.CAN_AddTxMessage                       0x080004e0   Section        0  bsp_can.o(i.CAN_AddTxMessage)
    i.CAN_BLDC_SEND_COMMAND                  0x08000688   Section        0  can_bldc.o(i.CAN_BLDC_SEND_COMMAND)
    i.CAN_BLDC_cmd                           0x08000aec   Section        0  can_bldc.o(i.CAN_BLDC_cmd)
    i.CAN_SetMsg_Leg1_ABAD                   0x08000c60   Section        0  can_bldc.o(i.CAN_SetMsg_Leg1_ABAD)
    i.CAN_SetMsg_Leg1_HIP                    0x08000c78   Section        0  can_bldc.o(i.CAN_SetMsg_Leg1_HIP)
    i.CAN_SetMsg_Leg1_KNEE                   0x08000c90   Section        0  can_bldc.o(i.CAN_SetMsg_Leg1_KNEE)
    i.CAN_SetMsg_Leg2_ABAD                   0x08000ca8   Section        0  can_bldc.o(i.CAN_SetMsg_Leg2_ABAD)
    i.CAN_SetMsg_Leg2_HIP                    0x08000cc0   Section        0  can_bldc.o(i.CAN_SetMsg_Leg2_HIP)
    i.CAN_SetMsg_Leg2_KNEE                   0x08000cd8   Section        0  can_bldc.o(i.CAN_SetMsg_Leg2_KNEE)
    i.DMA2_Stream0_IRQHandler                0x08000cf0   Section        0  stm32f4xx_it.o(i.DMA2_Stream0_IRQHandler)
    i.DMA2_Stream1_IRQHandler                0x08000d00   Section        0  stm32f4xx_it.o(i.DMA2_Stream1_IRQHandler)
    i.DMA2_Stream2_IRQHandler                0x08000d10   Section        0  stm32f4xx_it.o(i.DMA2_Stream2_IRQHandler)
    i.DMA_CalcBaseAndBitshift                0x08000d20   Section        0  stm32f4xx_hal_dma.o(i.DMA_CalcBaseAndBitshift)
    DMA_CalcBaseAndBitshift                  0x08000d21   Thumb Code    46  stm32f4xx_hal_dma.o(i.DMA_CalcBaseAndBitshift)
    i.DMA_CheckFifoParam                     0x08000d54   Section        0  stm32f4xx_hal_dma.o(i.DMA_CheckFifoParam)
    DMA_CheckFifoParam                       0x08000d55   Thumb Code   170  stm32f4xx_hal_dma.o(i.DMA_CheckFifoParam)
    i.DMA_SetConfig                          0x08000dfe   Section        0  stm32f4xx_hal_dma.o(i.DMA_SetConfig)
    DMA_SetConfig                            0x08000dff   Thumb Code    44  stm32f4xx_hal_dma.o(i.DMA_SetConfig)
    i.DebugMon_Handler                       0x08000e2a   Section        0  stm32f4xx_it.o(i.DebugMon_Handler)
    i.Disable_Leg                            0x08000e2c   Section        0  can_bldc.o(i.Disable_Leg)
    i.Error_Handler                          0x08000eb0   Section        0  main.o(i.Error_Handler)
    i.HAL_CAN_ActivateNotification           0x08000eb6   Section        0  stm32f4xx_hal_can.o(i.HAL_CAN_ActivateNotification)
    i.HAL_CAN_AddTxMessage                   0x08000ee0   Section        0  stm32f4xx_hal_can.o(i.HAL_CAN_AddTxMessage)
    i.HAL_CAN_ConfigFilter                   0x08001038   Section        0  stm32f4xx_hal_can.o(i.HAL_CAN_ConfigFilter)
    i.HAL_CAN_DeactivateNotification         0x0800115c   Section        0  stm32f4xx_hal_can.o(i.HAL_CAN_DeactivateNotification)
    i.HAL_CAN_ErrorCallback                  0x08001186   Section        0  stm32f4xx_hal_can.o(i.HAL_CAN_ErrorCallback)
    i.HAL_CAN_GetRxMessage                   0x08001188   Section        0  stm32f4xx_hal_can.o(i.HAL_CAN_GetRxMessage)
    i.HAL_CAN_IRQHandler                     0x08001302   Section        0  stm32f4xx_hal_can.o(i.HAL_CAN_IRQHandler)
    i.HAL_CAN_Init                           0x08001550   Section        0  stm32f4xx_hal_can.o(i.HAL_CAN_Init)
    i.HAL_CAN_MspInit                        0x080016c4   Section        0  can.o(i.HAL_CAN_MspInit)
    i.HAL_CAN_RxFifo0FullCallback            0x08001828   Section        0  stm32f4xx_hal_can.o(i.HAL_CAN_RxFifo0FullCallback)
    i.HAL_CAN_RxFifo0MsgPendingCallback      0x0800182c   Section        0  can_bldc.o(i.HAL_CAN_RxFifo0MsgPendingCallback)
    i.HAL_CAN_RxFifo1FullCallback            0x08001874   Section        0  stm32f4xx_hal_can.o(i.HAL_CAN_RxFifo1FullCallback)
    i.HAL_CAN_RxFifo1MsgPendingCallback      0x08001878   Section        0  can_bldc.o(i.HAL_CAN_RxFifo1MsgPendingCallback)
    i.HAL_CAN_SleepCallback                  0x080018c0   Section        0  stm32f4xx_hal_can.o(i.HAL_CAN_SleepCallback)
    i.HAL_CAN_Start                          0x080018c2   Section        0  stm32f4xx_hal_can.o(i.HAL_CAN_Start)
    i.HAL_CAN_TxMailbox0AbortCallback        0x08001920   Section        0  stm32f4xx_hal_can.o(i.HAL_CAN_TxMailbox0AbortCallback)
    i.HAL_CAN_TxMailbox0CompleteCallback     0x08001922   Section        0  stm32f4xx_hal_can.o(i.HAL_CAN_TxMailbox0CompleteCallback)
    i.HAL_CAN_TxMailbox1AbortCallback        0x08001924   Section        0  stm32f4xx_hal_can.o(i.HAL_CAN_TxMailbox1AbortCallback)
    i.HAL_CAN_TxMailbox1CompleteCallback     0x08001926   Section        0  stm32f4xx_hal_can.o(i.HAL_CAN_TxMailbox1CompleteCallback)
    i.HAL_CAN_TxMailbox2AbortCallback        0x08001928   Section        0  stm32f4xx_hal_can.o(i.HAL_CAN_TxMailbox2AbortCallback)
    i.HAL_CAN_TxMailbox2CompleteCallback     0x0800192a   Section        0  stm32f4xx_hal_can.o(i.HAL_CAN_TxMailbox2CompleteCallback)
    i.HAL_CAN_WakeUpFromRxMsgCallback        0x0800192c   Section        0  stm32f4xx_hal_can.o(i.HAL_CAN_WakeUpFromRxMsgCallback)
    i.HAL_DMA_Abort_IT                       0x0800192e   Section        0  stm32f4xx_hal_dma.o(i.HAL_DMA_Abort_IT)
    i.HAL_DMA_IRQHandler                     0x08001958   Section        0  stm32f4xx_hal_dma.o(i.HAL_DMA_IRQHandler)
    i.HAL_DMA_Init                           0x08001b98   Section        0  stm32f4xx_hal_dma.o(i.HAL_DMA_Init)
    i.HAL_DMA_Start_IT                       0x08001c84   Section        0  stm32f4xx_hal_dma.o(i.HAL_DMA_Start_IT)
    i.HAL_GPIO_Init                          0x08001d18   Section        0  stm32f4xx_hal_gpio.o(i.HAL_GPIO_Init)
    i.HAL_GPIO_WritePin                      0x08001f24   Section        0  stm32f4xx_hal_gpio.o(i.HAL_GPIO_WritePin)
    i.HAL_GetTick                            0x08001f30   Section        0  stm32f4xx_hal.o(i.HAL_GetTick)
    i.HAL_IncTick                            0x08001f3c   Section        0  stm32f4xx_hal.o(i.HAL_IncTick)
    i.HAL_Init                               0x08001f54   Section        0  stm32f4xx_hal.o(i.HAL_Init)
    i.HAL_InitTick                           0x08001f90   Section        0  stm32f4xx_hal.o(i.HAL_InitTick)
    i.HAL_MspInit                            0x08001fdc   Section        0  stm32f4xx_hal_msp.o(i.HAL_MspInit)
    i.HAL_NVIC_EnableIRQ                     0x08002024   Section        0  stm32f4xx_hal_cortex.o(i.HAL_NVIC_EnableIRQ)
    i.HAL_NVIC_SetPriority                   0x08002044   Section        0  stm32f4xx_hal_cortex.o(i.HAL_NVIC_SetPriority)
    i.HAL_NVIC_SetPriorityGrouping           0x080020c0   Section        0  stm32f4xx_hal_cortex.o(i.HAL_NVIC_SetPriorityGrouping)
    i.HAL_RCC_ClockConfig                    0x080020e8   Section        0  stm32f4xx_hal_rcc.o(i.HAL_RCC_ClockConfig)
    i.HAL_RCC_GetSysClockFreq                0x0800226c   Section        0  stm32f4xx_hal_rcc.o(i.HAL_RCC_GetSysClockFreq)
    i.HAL_RCC_OscConfig                      0x0800231c   Section        0  stm32f4xx_hal_rcc.o(i.HAL_RCC_OscConfig)
    i.HAL_SPI_ErrorCallback                  0x080027b8   Section        0  stm32f4xx_hal_spi.o(i.HAL_SPI_ErrorCallback)
    i.HAL_SPI_GetState                       0x080027ba   Section        0  stm32f4xx_hal_spi.o(i.HAL_SPI_GetState)
    i.HAL_SPI_IRQHandler                     0x080027c4   Section        0  stm32f4xx_hal_spi.o(i.HAL_SPI_IRQHandler)
    i.HAL_SPI_Init                           0x08002920   Section        0  stm32f4xx_hal_spi.o(i.HAL_SPI_Init)
    i.HAL_SPI_MspInit                        0x080029e8   Section        0  spi.o(i.HAL_SPI_MspInit)
    i.HAL_SPI_RxCpltCallback                 0x08002b10   Section        0  stm32f4xx_hal_spi.o(i.HAL_SPI_RxCpltCallback)
    i.HAL_SPI_RxHalfCpltCallback             0x08002b12   Section        0  stm32f4xx_hal_spi.o(i.HAL_SPI_RxHalfCpltCallback)
    i.HAL_SPI_TransmitReceive_DMA            0x08002b14   Section        0  stm32f4xx_hal_spi.o(i.HAL_SPI_TransmitReceive_DMA)
    i.HAL_SPI_TxRxCpltCallback               0x08002c80   Section        0  spi_dma.o(i.HAL_SPI_TxRxCpltCallback)
    i.HAL_SPI_TxRxHalfCpltCallback           0x08002cf8   Section        0  stm32f4xx_hal_spi.o(i.HAL_SPI_TxRxHalfCpltCallback)
    i.HAL_SYSTICK_Config                     0x08002cfa   Section        0  stm32f4xx_hal_cortex.o(i.HAL_SYSTICK_Config)
    i.HardFault_Handler                      0x08002d2e   Section        0  stm32f4xx_it.o(i.HardFault_Handler)
    i.INIT_MOTORS                            0x08002d34   Section        0  can_bldc.o(i.INIT_MOTORS)
    i.INIT_SYSTEM                            0x08002db8   Section        0  main.o(i.INIT_SYSTEM)
    i.MX_CAN1_Init                           0x08002df0   Section        0  can.o(i.MX_CAN1_Init)
    i.MX_CAN2_Init                           0x08002e30   Section        0  can.o(i.MX_CAN2_Init)
    i.MX_DMA_Init                            0x08002e70   Section        0  dma.o(i.MX_DMA_Init)
    i.MX_GPIO_Init                           0x08002ec8   Section        0  gpio.o(i.MX_GPIO_Init)
    i.MX_SPI4_Init                           0x08002fe0   Section        0  spi.o(i.MX_SPI4_Init)
    i.MemManage_Handler                      0x08003018   Section        0  stm32f4xx_it.o(i.MemManage_Handler)
    i.NMI_Handler                            0x0800301c   Section        0  stm32f4xx_it.o(i.NMI_Handler)
    i.OPEN_POWER                             0x08003020   Section        0  can_bldc.o(i.OPEN_POWER)
    i.PendSV_Handler                         0x08003034   Section        0  stm32f4xx_it.o(i.PendSV_Handler)
    i.Receive_BLDC_Data                      0x08003038   Section        0  can_bldc.o(i.Receive_BLDC_Data)
    i.SET_MOTOR_MODE                         0x080030cc   Section        0  can_bldc.o(i.SET_MOTOR_MODE)
    i.SPI4_IRQHandler                        0x08003160   Section        0  stm32f4xx_it.o(i.SPI4_IRQHandler)
    i.SPI_COMMAND_2_DATA                     0x08003170   Section        0  spi_dma.o(i.SPI_COMMAND_2_DATA)
    i.SPI_DATA_2_COMMAND                     0x0800330c   Section        0  spi_dma.o(i.SPI_DATA_2_COMMAND)
    i.SPI_DATA_INIT                          0x080033c4   Section        0  spi_dma.o(i.SPI_DATA_INIT)
    i.SPI_DMAAbortOnError                    0x0800341c   Section        0  stm32f4xx_hal_spi.o(i.SPI_DMAAbortOnError)
    SPI_DMAAbortOnError                      0x0800341d   Thumb Code    20  stm32f4xx_hal_spi.o(i.SPI_DMAAbortOnError)
    i.SPI_DMAError                           0x08003430   Section        0  stm32f4xx_hal_spi.o(i.SPI_DMAError)
    SPI_DMAError                             0x08003431   Thumb Code    40  stm32f4xx_hal_spi.o(i.SPI_DMAError)
    i.SPI_DMAHalfReceiveCplt                 0x08003458   Section        0  stm32f4xx_hal_spi.o(i.SPI_DMAHalfReceiveCplt)
    SPI_DMAHalfReceiveCplt                   0x08003459   Thumb Code    14  stm32f4xx_hal_spi.o(i.SPI_DMAHalfReceiveCplt)
    i.SPI_DMAHalfTransmitReceiveCplt         0x08003466   Section        0  stm32f4xx_hal_spi.o(i.SPI_DMAHalfTransmitReceiveCplt)
    SPI_DMAHalfTransmitReceiveCplt           0x08003467   Thumb Code    14  stm32f4xx_hal_spi.o(i.SPI_DMAHalfTransmitReceiveCplt)
    i.SPI_DMAReceiveCplt                     0x08003474   Section        0  stm32f4xx_hal_spi.o(i.SPI_DMAReceiveCplt)
    SPI_DMAReceiveCplt                       0x08003475   Thumb Code   124  stm32f4xx_hal_spi.o(i.SPI_DMAReceiveCplt)
    i.SPI_DMATransmitReceiveCplt             0x080034f0   Section        0  stm32f4xx_hal_spi.o(i.SPI_DMATransmitReceiveCplt)
    SPI_DMATransmitReceiveCplt               0x080034f1   Thumb Code   104  stm32f4xx_hal_spi.o(i.SPI_DMATransmitReceiveCplt)
    i.SPI_EndRxTransaction                   0x08003558   Section        0  stm32f4xx_hal_spi.o(i.SPI_EndRxTransaction)
    SPI_EndRxTransaction                     0x08003559   Thumb Code   148  stm32f4xx_hal_spi.o(i.SPI_EndRxTransaction)
    i.SPI_EndRxTxTransaction                 0x080035ec   Section        0  stm32f4xx_hal_spi.o(i.SPI_EndRxTxTransaction)
    SPI_EndRxTxTransaction                   0x080035ed   Thumb Code   100  stm32f4xx_hal_spi.o(i.SPI_EndRxTxTransaction)
    i.SPI_REFRESH_DATA                       0x08003658   Section        0  spi_dma.o(i.SPI_REFRESH_DATA)
    i.SPI_RUN                                0x08003718   Section        0  spi_dma.o(i.SPI_RUN)
    i.SPI_WaitFlagStateUntilTimeout          0x08003760   Section        0  stm32f4xx_hal_spi.o(i.SPI_WaitFlagStateUntilTimeout)
    SPI_WaitFlagStateUntilTimeout            0x08003761   Thumb Code   210  stm32f4xx_hal_spi.o(i.SPI_WaitFlagStateUntilTimeout)
    i.SVC_Handler                            0x08003838   Section        0  stm32f4xx_it.o(i.SVC_Handler)
    i.SysTick_Handler                        0x0800383a   Section        0  stm32f4xx_it.o(i.SysTick_Handler)
    i.SystemClock_Config                     0x08003844   Section        0  main.o(i.SystemClock_Config)
    i.SystemInit                             0x080038f8   Section        0  system_stm32f4xx.o(i.SystemInit)
    i.USART1_IRQHandler                      0x0800390c   Section        0  remote_control.o(i.USART1_IRQHandler)
    i.UsageFault_Handler                     0x08003a30   Section        0  stm32f4xx_it.o(i.UsageFault_Handler)
    i.__NVIC_GetPriorityGrouping             0x08003a34   Section        0  stm32f4xx_hal_cortex.o(i.__NVIC_GetPriorityGrouping)
    __NVIC_GetPriorityGrouping               0x08003a35   Thumb Code    10  stm32f4xx_hal_cortex.o(i.__NVIC_GetPriorityGrouping)
    i.__NVIC_SetPriority                     0x08003a44   Section        0  stm32f4xx_hal_cortex.o(i.__NVIC_SetPriority)
    __NVIC_SetPriority                       0x08003a45   Thumb Code    32  stm32f4xx_hal_cortex.o(i.__NVIC_SetPriority)
    i.__hardfp_fmaxf                         0x08003a6c   Section        0  struct_typedef.o(i.__hardfp_fmaxf)
    i.__hardfp_fminf                         0x08003a86   Section        0  struct_typedef.o(i.__hardfp_fminf)
    i.can_filter_init                        0x08003aa0   Section        0  bsp_can.o(i.can_filter_init)
    i.data_checksum                          0x08003b04   Section        0  spi_dma.o(i.data_checksum)
    i.delay_ms                               0x08003b1e   Section        0  bsp_delay.o(i.delay_ms)
    i.delay_us                               0x08003b36   Section        0  bsp_delay.o(i.delay_us)
    i.float_to_uint                          0x08003b6c   Section        0  struct_typedef.o(i.float_to_uint)
    i.get_SPI_RX_DATA                        0x08003ba0   Section        0  spi_dma.o(i.get_SPI_RX_DATA)
    i.get_SPI_TX_DATA                        0x08003ba8   Section        0  spi_dma.o(i.get_SPI_TX_DATA)
    i.main                                   0x08003bb0   Section        0  main.o(i.main)
    i.sbus_to_rc                             0x08003be0   Section        0  remote_control.o(i.sbus_to_rc)
    sbus_to_rc                               0x08003be1   Thumb Code   218  remote_control.o(i.sbus_to_rc)
    i.uint32touint8                          0x08003cba   Section        0  spi_dma.o(i.uint32touint8)
    i.uint8touint32                          0x08003cfa   Section        0  spi_dma.o(i.uint8touint32)
    i.uint_to_float                          0x08003d30   Section        0  struct_typedef.o(i.uint_to_float)
    x$fpl$d2f                                0x08003d64   Section       98  d2f.o(x$fpl$d2f)
    $v0                                      0x08003d64   Number         0  d2f.o(x$fpl$d2f)
    x$fpl$ddiv                               0x08003dc8   Section      688  ddiv.o(x$fpl$ddiv)
    $v0                                      0x08003dc8   Number         0  ddiv.o(x$fpl$ddiv)
    ddiv_entry                               0x08003dcf   Thumb Code     0  ddiv.o(x$fpl$ddiv)
    x$fpl$dflt                               0x08004078   Section       46  dflt_clz.o(x$fpl$dflt)
    $v0                                      0x08004078   Number         0  dflt_clz.o(x$fpl$dflt)
    x$fpl$dmul                               0x080040a8   Section      340  dmul.o(x$fpl$dmul)
    $v0                                      0x080040a8   Number         0  dmul.o(x$fpl$dmul)
    x$fpl$dnaninf                            0x080041fc   Section      156  dnaninf.o(x$fpl$dnaninf)
    $v0                                      0x080041fc   Number         0  dnaninf.o(x$fpl$dnaninf)
    x$fpl$dretinf                            0x08004298   Section       12  dretinf.o(x$fpl$dretinf)
    $v0                                      0x08004298   Number         0  dretinf.o(x$fpl$dretinf)
    x$fpl$fpinit                             0x080042a4   Section       10  fpinit.o(x$fpl$fpinit)
    $v0                                      0x080042a4   Number         0  fpinit.o(x$fpl$fpinit)
    x$fpl$fretinf                            0x080042ae   Section       10  fretinf.o(x$fpl$fretinf)
    $v0                                      0x080042ae   Number         0  fretinf.o(x$fpl$fretinf)
    .constdata                               0x080042b8   Section        8  stm32f4xx_hal_dma.o(.constdata)
    x$fpl$usenofp                            0x080042b8   Section        0  usenofp.o(x$fpl$usenofp)
    flagBitshiftOffset                       0x080042b8   Data           8  stm32f4xx_hal_dma.o(.constdata)
    .constdata                               0x080042c0   Section       24  system_stm32f4xx.o(.constdata)
    .data                                    0x20000000   Section        4  main.o(.data)
    .data                                    0x20000004   Section        4  can.o(.data)
    HAL_RCC_CAN1_CLK_ENABLED                 0x20000004   Data           4  can.o(.data)
    .data                                    0x20000008   Section        9  stm32f4xx_hal.o(.data)
    .data                                    0x20000014   Section        4  system_stm32f4xx.o(.data)
    .data                                    0x20000018   Section       66  can_bldc.o(.data)
    id_1                                     0x20000058   Data           1  can_bldc.o(.data)
    id_2                                     0x20000059   Data           1  can_bldc.o(.data)
    .data                                    0x2000005a   Section        2  remote_control.o(.data)
    this_time_rx_len                         0x2000005a   Data           2  remote_control.o(.data)
    .data                                    0x2000005c   Section       16  spi_dma.o(.data)
    .bss                                     0x2000006c   Section       80  can.o(.bss)
    .bss                                     0x200000bc   Section      280  spi.o(.bss)
    .bss                                     0x200001d4   Section      164  usart.o(.bss)
    .bss                                     0x20000278   Section      144  can_bldc.o(.bss)
    .bss                                     0x20000308   Section       94  remote_control.o(.bss)
    sbus_rx_buf                              0x2000031e   Data          72  remote_control.o(.bss)
    .bss                                     0x20000368   Section      568  spi_dma.o(.bss)
    .bss                                     0x200005a0   Section       96  libspace.o(.bss)
    HEAP                                     0x20000600   Section      512  startup_stm32f427xx.o(HEAP)
    Heap_Mem                                 0x20000600   Data         512  startup_stm32f427xx.o(HEAP)
    STACK                                    0x20000800   Section     1024  startup_stm32f427xx.o(STACK)
    Stack_Mem                                0x20000800   Data        1024  startup_stm32f427xx.o(STACK)
    __initial_sp                             0x20000c00   Data           0  startup_stm32f427xx.o(STACK)

    Global Symbols

    Symbol Name                              Value     Ov Type        Size  Object(Section)

    BuildAttributes$$THM_ISAv4$E$P$D$K$B$S$7EM$VFPi3$EXTD16$VFPS$VFMA$PE$A:L22UL41UL21$X:L11$S22US41US21$IEEE1$IW$USESV6$~STKCKD$USESV7$~SHL$OSPACE$ROPI$EBA8$UX$STANDARDLIB$REQ8$PRES8$EABIv2 0x00000000   Number         0  anon$$obj.o ABSOLUTE
    __ARM_use_no_argv                        0x00000000   Number         0  main.o ABSOLUTE
    __ARM_exceptions_init                     - Undefined Weak Reference
    __alloca_initialize                       - Undefined Weak Reference
    __arm_preinit_                            - Undefined Weak Reference
    __cpp_initialize__aeabi_                  - Undefined Weak Reference
    __cxa_finalize                            - Undefined Weak Reference
    __rt_locale                               - Undefined Weak Reference
    __sigvec_lookup                           - Undefined Weak Reference
    _atexit_init                              - Undefined Weak Reference
    _call_atexit_fns                          - Undefined Weak Reference
    _clock_init                               - Undefined Weak Reference
    _fp_trap_init                             - Undefined Weak Reference
    _fp_trap_shutdown                         - Undefined Weak Reference
    _get_lc_collate                           - Undefined Weak Reference
    _get_lc_ctype                             - Undefined Weak Reference
    _get_lc_monetary                          - Undefined Weak Reference
    _get_lc_numeric                           - Undefined Weak Reference
    _get_lc_time                              - Undefined Weak Reference
    _getenv_init                              - Undefined Weak Reference
    _handle_redirection                       - Undefined Weak Reference
    _init_alloc                               - Undefined Weak Reference
    _init_user_alloc                          - Undefined Weak Reference
    _initio                                   - Undefined Weak Reference
    _rand_init                                - Undefined Weak Reference
    _signal_finish                            - Undefined Weak Reference
    _signal_init                              - Undefined Weak Reference
    _terminate_alloc                          - Undefined Weak Reference
    _terminate_user_alloc                     - Undefined Weak Reference
    _terminateio                              - Undefined Weak Reference
    __Vectors_Size                           0x000001ac   Number         0  startup_stm32f427xx.o ABSOLUTE
    __Vectors                                0x08000000   Data           4  startup_stm32f427xx.o(RESET)
    __Vectors_End                            0x080001ac   Data           0  startup_stm32f427xx.o(RESET)
    __main                                   0x080001ad   Thumb Code     8  __main.o(!!!main)
    __scatterload                            0x080001b5   Thumb Code     0  __scatter.o(!!!scatter)
    __scatterload_rt2                        0x080001b5   Thumb Code    44  __scatter.o(!!!scatter)
    __scatterload_rt2_thumb_only             0x080001b5   Thumb Code     0  __scatter.o(!!!scatter)
    __scatterload_null                       0x080001c3   Thumb Code     0  __scatter.o(!!!scatter)
    __scatterload_copy                       0x080001e9   Thumb Code    26  __scatter_copy.o(!!handler_copy)
    __scatterload_zeroinit                   0x08000205   Thumb Code    28  __scatter_zi.o(!!handler_zi)
    __rt_lib_init                            0x08000221   Thumb Code     0  libinit.o(.ARM.Collect$$libinit$$00000000)
    __rt_lib_init_fp_1                       0x08000223   Thumb Code     0  libinit2.o(.ARM.Collect$$libinit$$00000001)
    __rt_lib_init_alloca_1                   0x08000227   Thumb Code     0  libinit2.o(.ARM.Collect$$libinit$$0000002E)
    __rt_lib_init_argv_1                     0x08000227   Thumb Code     0  libinit2.o(.ARM.Collect$$libinit$$0000002C)
    __rt_lib_init_atexit_1                   0x08000227   Thumb Code     0  libinit2.o(.ARM.Collect$$libinit$$0000001B)
    __rt_lib_init_clock_1                    0x08000227   Thumb Code     0  libinit2.o(.ARM.Collect$$libinit$$00000021)
    __rt_lib_init_cpp_1                      0x08000227   Thumb Code     0  libinit2.o(.ARM.Collect$$libinit$$00000032)
    __rt_lib_init_exceptions_1               0x08000227   Thumb Code     0  libinit2.o(.ARM.Collect$$libinit$$00000030)
    __rt_lib_init_fp_trap_1                  0x08000227   Thumb Code     0  libinit2.o(.ARM.Collect$$libinit$$0000001F)
    __rt_lib_init_getenv_1                   0x08000227   Thumb Code     0  libinit2.o(.ARM.Collect$$libinit$$00000023)
    __rt_lib_init_heap_1                     0x08000227   Thumb Code     0  libinit2.o(.ARM.Collect$$libinit$$0000000A)
    __rt_lib_init_lc_collate_1               0x08000227   Thumb Code     0  libinit2.o(.ARM.Collect$$libinit$$00000011)
    __rt_lib_init_lc_ctype_1                 0x08000227   Thumb Code     0  libinit2.o(.ARM.Collect$$libinit$$00000013)
    __rt_lib_init_lc_monetary_1              0x08000227   Thumb Code     0  libinit2.o(.ARM.Collect$$libinit$$00000015)
    __rt_lib_init_lc_numeric_1               0x08000227   Thumb Code     0  libinit2.o(.ARM.Collect$$libinit$$00000017)
    __rt_lib_init_lc_time_1                  0x08000227   Thumb Code     0  libinit2.o(.ARM.Collect$$libinit$$00000019)
    __rt_lib_init_preinit_1                  0x08000227   Thumb Code     0  libinit2.o(.ARM.Collect$$libinit$$00000004)
    __rt_lib_init_rand_1                     0x08000227   Thumb Code     0  libinit2.o(.ARM.Collect$$libinit$$0000000E)
    __rt_lib_init_return                     0x08000227   Thumb Code     0  libinit2.o(.ARM.Collect$$libinit$$00000033)
    __rt_lib_init_signal_1                   0x08000227   Thumb Code     0  libinit2.o(.ARM.Collect$$libinit$$0000001D)
    __rt_lib_init_stdio_1                    0x08000227   Thumb Code     0  libinit2.o(.ARM.Collect$$libinit$$00000025)
    __rt_lib_init_user_alloc_1               0x08000227   Thumb Code     0  libinit2.o(.ARM.Collect$$libinit$$0000000C)
    __rt_lib_shutdown                        0x08000229   Thumb Code     0  libshutdown.o(.ARM.Collect$$libshutdown$$00000000)
    __rt_lib_shutdown_cpp_1                  0x0800022b   Thumb Code     0  libshutdown2.o(.ARM.Collect$$libshutdown$$00000002)
    __rt_lib_shutdown_fp_trap_1              0x0800022b   Thumb Code     0  libshutdown2.o(.ARM.Collect$$libshutdown$$00000007)
    __rt_lib_shutdown_heap_1                 0x0800022b   Thumb Code     0  libshutdown2.o(.ARM.Collect$$libshutdown$$0000000F)
    __rt_lib_shutdown_return                 0x0800022b   Thumb Code     0  libshutdown2.o(.ARM.Collect$$libshutdown$$00000010)
    __rt_lib_shutdown_signal_1               0x0800022b   Thumb Code     0  libshutdown2.o(.ARM.Collect$$libshutdown$$0000000A)
    __rt_lib_shutdown_stdio_1                0x0800022b   Thumb Code     0  libshutdown2.o(.ARM.Collect$$libshutdown$$00000004)
    __rt_lib_shutdown_user_alloc_1           0x0800022b   Thumb Code     0  libshutdown2.o(.ARM.Collect$$libshutdown$$0000000C)
    __rt_entry                               0x0800022d   Thumb Code     0  __rtentry.o(.ARM.Collect$$rtentry$$00000000)
    __rt_entry_presh_1                       0x0800022d   Thumb Code     0  __rtentry2.o(.ARM.Collect$$rtentry$$00000002)
    __rt_entry_sh                            0x0800022d   Thumb Code     0  __rtentry4.o(.ARM.Collect$$rtentry$$00000004)
    __rt_entry_li                            0x08000233   Thumb Code     0  __rtentry2.o(.ARM.Collect$$rtentry$$0000000A)
    __rt_entry_postsh_1                      0x08000233   Thumb Code     0  __rtentry2.o(.ARM.Collect$$rtentry$$00000009)
    __rt_entry_main                          0x08000237   Thumb Code     0  __rtentry2.o(.ARM.Collect$$rtentry$$0000000D)
    __rt_entry_postli_1                      0x08000237   Thumb Code     0  __rtentry2.o(.ARM.Collect$$rtentry$$0000000C)
    __rt_exit                                0x0800023f   Thumb Code     0  rtexit.o(.ARM.Collect$$rtexit$$00000000)
    __rt_exit_ls                             0x08000241   Thumb Code     0  rtexit2.o(.ARM.Collect$$rtexit$$00000003)
    __rt_exit_prels_1                        0x08000241   Thumb Code     0  rtexit2.o(.ARM.Collect$$rtexit$$00000002)
    __rt_exit_exit                           0x08000245   Thumb Code     0  rtexit2.o(.ARM.Collect$$rtexit$$00000004)
    Reset_Handler                            0x0800024d   Thumb Code     8  startup_stm32f427xx.o(.text)
    ADC_IRQHandler                           0x08000267   Thumb Code     0  startup_stm32f427xx.o(.text)
    CAN1_RX1_IRQHandler                      0x08000267   Thumb Code     0  startup_stm32f427xx.o(.text)
    CAN1_SCE_IRQHandler                      0x08000267   Thumb Code     0  startup_stm32f427xx.o(.text)
    CAN1_TX_IRQHandler                       0x08000267   Thumb Code     0  startup_stm32f427xx.o(.text)
    CAN2_RX0_IRQHandler                      0x08000267   Thumb Code     0  startup_stm32f427xx.o(.text)
    CAN2_SCE_IRQHandler                      0x08000267   Thumb Code     0  startup_stm32f427xx.o(.text)
    CAN2_TX_IRQHandler                       0x08000267   Thumb Code     0  startup_stm32f427xx.o(.text)
    DCMI_IRQHandler                          0x08000267   Thumb Code     0  startup_stm32f427xx.o(.text)
    DMA1_Stream0_IRQHandler                  0x08000267   Thumb Code     0  startup_stm32f427xx.o(.text)
    DMA1_Stream1_IRQHandler                  0x08000267   Thumb Code     0  startup_stm32f427xx.o(.text)
    DMA1_Stream2_IRQHandler                  0x08000267   Thumb Code     0  startup_stm32f427xx.o(.text)
    DMA1_Stream3_IRQHandler                  0x08000267   Thumb Code     0  startup_stm32f427xx.o(.text)
    DMA1_Stream4_IRQHandler                  0x08000267   Thumb Code     0  startup_stm32f427xx.o(.text)
    DMA1_Stream5_IRQHandler                  0x08000267   Thumb Code     0  startup_stm32f427xx.o(.text)
    DMA1_Stream6_IRQHandler                  0x08000267   Thumb Code     0  startup_stm32f427xx.o(.text)
    DMA1_Stream7_IRQHandler                  0x08000267   Thumb Code     0  startup_stm32f427xx.o(.text)
    DMA2D_IRQHandler                         0x08000267   Thumb Code     0  startup_stm32f427xx.o(.text)
    DMA2_Stream3_IRQHandler                  0x08000267   Thumb Code     0  startup_stm32f427xx.o(.text)
    DMA2_Stream4_IRQHandler                  0x08000267   Thumb Code     0  startup_stm32f427xx.o(.text)
    DMA2_Stream5_IRQHandler                  0x08000267   Thumb Code     0  startup_stm32f427xx.o(.text)
    DMA2_Stream6_IRQHandler                  0x08000267   Thumb Code     0  startup_stm32f427xx.o(.text)
    DMA2_Stream7_IRQHandler                  0x08000267   Thumb Code     0  startup_stm32f427xx.o(.text)
    ETH_IRQHandler                           0x08000267   Thumb Code     0  startup_stm32f427xx.o(.text)
    ETH_WKUP_IRQHandler                      0x08000267   Thumb Code     0  startup_stm32f427xx.o(.text)
    EXTI0_IRQHandler                         0x08000267   Thumb Code     0  startup_stm32f427xx.o(.text)
    EXTI15_10_IRQHandler                     0x08000267   Thumb Code     0  startup_stm32f427xx.o(.text)
    EXTI1_IRQHandler                         0x08000267   Thumb Code     0  startup_stm32f427xx.o(.text)
    EXTI2_IRQHandler                         0x08000267   Thumb Code     0  startup_stm32f427xx.o(.text)
    EXTI3_IRQHandler                         0x08000267   Thumb Code     0  startup_stm32f427xx.o(.text)
    EXTI4_IRQHandler                         0x08000267   Thumb Code     0  startup_stm32f427xx.o(.text)
    EXTI9_5_IRQHandler                       0x08000267   Thumb Code     0  startup_stm32f427xx.o(.text)
    FLASH_IRQHandler                         0x08000267   Thumb Code     0  startup_stm32f427xx.o(.text)
    FMC_IRQHandler                           0x08000267   Thumb Code     0  startup_stm32f427xx.o(.text)
    FPU_IRQHandler                           0x08000267   Thumb Code     0  startup_stm32f427xx.o(.text)
    HASH_RNG_IRQHandler                      0x08000267   Thumb Code     0  startup_stm32f427xx.o(.text)
    I2C1_ER_IRQHandler                       0x08000267   Thumb Code     0  startup_stm32f427xx.o(.text)
    I2C1_EV_IRQHandler                       0x08000267   Thumb Code     0  startup_stm32f427xx.o(.text)
    I2C2_ER_IRQHandler                       0x08000267   Thumb Code     0  startup_stm32f427xx.o(.text)
    I2C2_EV_IRQHandler                       0x08000267   Thumb Code     0  startup_stm32f427xx.o(.text)
    I2C3_ER_IRQHandler                       0x08000267   Thumb Code     0  startup_stm32f427xx.o(.text)
    I2C3_EV_IRQHandler                       0x08000267   Thumb Code     0  startup_stm32f427xx.o(.text)
    OTG_FS_IRQHandler                        0x08000267   Thumb Code     0  startup_stm32f427xx.o(.text)
    OTG_FS_WKUP_IRQHandler                   0x08000267   Thumb Code     0  startup_stm32f427xx.o(.text)
    OTG_HS_EP1_IN_IRQHandler                 0x08000267   Thumb Code     0  startup_stm32f427xx.o(.text)
    OTG_HS_EP1_OUT_IRQHandler                0x08000267   Thumb Code     0  startup_stm32f427xx.o(.text)
    OTG_HS_IRQHandler                        0x08000267   Thumb Code     0  startup_stm32f427xx.o(.text)
    OTG_HS_WKUP_IRQHandler                   0x08000267   Thumb Code     0  startup_stm32f427xx.o(.text)
    PVD_IRQHandler                           0x08000267   Thumb Code     0  startup_stm32f427xx.o(.text)
    RCC_IRQHandler                           0x08000267   Thumb Code     0  startup_stm32f427xx.o(.text)
    RTC_Alarm_IRQHandler                     0x08000267   Thumb Code     0  startup_stm32f427xx.o(.text)
    RTC_WKUP_IRQHandler                      0x08000267   Thumb Code     0  startup_stm32f427xx.o(.text)
    SAI1_IRQHandler                          0x08000267   Thumb Code     0  startup_stm32f427xx.o(.text)
    SDIO_IRQHandler                          0x08000267   Thumb Code     0  startup_stm32f427xx.o(.text)
    SPI1_IRQHandler                          0x08000267   Thumb Code     0  startup_stm32f427xx.o(.text)
    SPI2_IRQHandler                          0x08000267   Thumb Code     0  startup_stm32f427xx.o(.text)
    SPI3_IRQHandler                          0x08000267   Thumb Code     0  startup_stm32f427xx.o(.text)
    SPI5_IRQHandler                          0x08000267   Thumb Code     0  startup_stm32f427xx.o(.text)
    SPI6_IRQHandler                          0x08000267   Thumb Code     0  startup_stm32f427xx.o(.text)
    TAMP_STAMP_IRQHandler                    0x08000267   Thumb Code     0  startup_stm32f427xx.o(.text)
    TIM1_BRK_TIM9_IRQHandler                 0x08000267   Thumb Code     0  startup_stm32f427xx.o(.text)
    TIM1_CC_IRQHandler                       0x08000267   Thumb Code     0  startup_stm32f427xx.o(.text)
    TIM1_TRG_COM_TIM11_IRQHandler            0x08000267   Thumb Code     0  startup_stm32f427xx.o(.text)
    TIM1_UP_TIM10_IRQHandler                 0x08000267   Thumb Code     0  startup_stm32f427xx.o(.text)
    TIM2_IRQHandler                          0x08000267   Thumb Code     0  startup_stm32f427xx.o(.text)
    TIM3_IRQHandler                          0x08000267   Thumb Code     0  startup_stm32f427xx.o(.text)
    TIM4_IRQHandler                          0x08000267   Thumb Code     0  startup_stm32f427xx.o(.text)
    TIM5_IRQHandler                          0x08000267   Thumb Code     0  startup_stm32f427xx.o(.text)
    TIM6_DAC_IRQHandler                      0x08000267   Thumb Code     0  startup_stm32f427xx.o(.text)
    TIM7_IRQHandler                          0x08000267   Thumb Code     0  startup_stm32f427xx.o(.text)
    TIM8_BRK_TIM12_IRQHandler                0x08000267   Thumb Code     0  startup_stm32f427xx.o(.text)
    TIM8_CC_IRQHandler                       0x08000267   Thumb Code     0  startup_stm32f427xx.o(.text)
    TIM8_TRG_COM_TIM14_IRQHandler            0x08000267   Thumb Code     0  startup_stm32f427xx.o(.text)
    TIM8_UP_TIM13_IRQHandler                 0x08000267   Thumb Code     0  startup_stm32f427xx.o(.text)
    UART4_IRQHandler                         0x08000267   Thumb Code     0  startup_stm32f427xx.o(.text)
    UART5_IRQHandler                         0x08000267   Thumb Code     0  startup_stm32f427xx.o(.text)
    UART7_IRQHandler                         0x08000267   Thumb Code     0  startup_stm32f427xx.o(.text)
    UART8_IRQHandler                         0x08000267   Thumb Code     0  startup_stm32f427xx.o(.text)
    USART2_IRQHandler                        0x08000267   Thumb Code     0  startup_stm32f427xx.o(.text)
    USART3_IRQHandler                        0x08000267   Thumb Code     0  startup_stm32f427xx.o(.text)
    USART6_IRQHandler                        0x08000267   Thumb Code     0  startup_stm32f427xx.o(.text)
    WWDG_IRQHandler                          0x08000267   Thumb Code     0  startup_stm32f427xx.o(.text)
    __user_initial_stackheap                 0x08000269   Thumb Code     0  startup_stm32f427xx.o(.text)
    __aeabi_uldivmod                         0x0800028d   Thumb Code     0  lludivv7m.o(.text)
    _ll_udiv                                 0x0800028d   Thumb Code   238  lludivv7m.o(.text)
    __aeabi_memclr4                          0x0800037b   Thumb Code     0  rt_memclr_w.o(.text)
    __aeabi_memclr8                          0x0800037b   Thumb Code     0  rt_memclr_w.o(.text)
    __rt_memclr_w                            0x0800037b   Thumb Code    78  rt_memclr_w.o(.text)
    _memset_w                                0x0800037f   Thumb Code     0  rt_memclr_w.o(.text)
    __use_two_region_memory                  0x080003c9   Thumb Code     2  heapauxi.o(.text)
    __rt_heap_escrow$2region                 0x080003cb   Thumb Code     2  heapauxi.o(.text)
    __rt_heap_expand$2region                 0x080003cd   Thumb Code     2  heapauxi.o(.text)
    __user_setup_stackheap                   0x080003cf   Thumb Code    74  sys_stackheap_outer.o(.text)
    exit                                     0x08000419   Thumb Code    18  exit.o(.text)
    __user_libspace                          0x0800042d   Thumb Code     8  libspace.o(.text)
    __user_perproc_libspace                  0x0800042d   Thumb Code     0  libspace.o(.text)
    __user_perthread_libspace                0x0800042d   Thumb Code     0  libspace.o(.text)
    _sys_exit                                0x08000435   Thumb Code     8  sys_exit.o(.text)
    __I$use$semihosting                      0x08000441   Thumb Code     0  use_no_semi.o(.text)
    __use_no_semihosting_swi                 0x08000441   Thumb Code     2  use_no_semi.o(.text)
    __semihosting_library_function           0x08000443   Thumb Code     0  indicate_semi.o(.text)
    BLDC_MOTORS_INIT                         0x08000445   Thumb Code    70  can_bldc.o(i.BLDC_MOTORS_INIT)
    BusFault_Handler                         0x080004bd   Thumb Code     4  stm32f4xx_it.o(i.BusFault_Handler)
    CAN1_RX0_IRQHandler                      0x080004c1   Thumb Code    10  stm32f4xx_it.o(i.CAN1_RX0_IRQHandler)
    CAN2_RX1_IRQHandler                      0x080004d1   Thumb Code    10  stm32f4xx_it.o(i.CAN2_RX1_IRQHandler)
    CAN_AddTxMessage                         0x080004e1   Thumb Code   424  bsp_can.o(i.CAN_AddTxMessage)
    CAN_BLDC_SEND_COMMAND                    0x08000689   Thumb Code  1110  can_bldc.o(i.CAN_BLDC_SEND_COMMAND)
    CAN_BLDC_cmd                             0x08000aed   Thumb Code   344  can_bldc.o(i.CAN_BLDC_cmd)
    CAN_SetMsg_Leg1_ABAD                     0x08000c61   Thumb Code    18  can_bldc.o(i.CAN_SetMsg_Leg1_ABAD)
    CAN_SetMsg_Leg1_HIP                      0x08000c79   Thumb Code    18  can_bldc.o(i.CAN_SetMsg_Leg1_HIP)
    CAN_SetMsg_Leg1_KNEE                     0x08000c91   Thumb Code    18  can_bldc.o(i.CAN_SetMsg_Leg1_KNEE)
    CAN_SetMsg_Leg2_ABAD                     0x08000ca9   Thumb Code    18  can_bldc.o(i.CAN_SetMsg_Leg2_ABAD)
    CAN_SetMsg_Leg2_HIP                      0x08000cc1   Thumb Code    18  can_bldc.o(i.CAN_SetMsg_Leg2_HIP)
    CAN_SetMsg_Leg2_KNEE                     0x08000cd9   Thumb Code    18  can_bldc.o(i.CAN_SetMsg_Leg2_KNEE)
    DMA2_Stream0_IRQHandler                  0x08000cf1   Thumb Code    10  stm32f4xx_it.o(i.DMA2_Stream0_IRQHandler)
    DMA2_Stream1_IRQHandler                  0x08000d01   Thumb Code    10  stm32f4xx_it.o(i.DMA2_Stream1_IRQHandler)
    DMA2_Stream2_IRQHandler                  0x08000d11   Thumb Code    10  stm32f4xx_it.o(i.DMA2_Stream2_IRQHandler)
    DebugMon_Handler                         0x08000e2b   Thumb Code     2  stm32f4xx_it.o(i.DebugMon_Handler)
    Disable_Leg                              0x08000e2d   Thumb Code   120  can_bldc.o(i.Disable_Leg)
    Error_Handler                            0x08000eb1   Thumb Code     6  main.o(i.Error_Handler)
    HAL_CAN_ActivateNotification             0x08000eb7   Thumb Code    42  stm32f4xx_hal_can.o(i.HAL_CAN_ActivateNotification)
    HAL_CAN_AddTxMessage                     0x08000ee1   Thumb Code   342  stm32f4xx_hal_can.o(i.HAL_CAN_AddTxMessage)
    HAL_CAN_ConfigFilter                     0x08001039   Thumb Code   286  stm32f4xx_hal_can.o(i.HAL_CAN_ConfigFilter)
    HAL_CAN_DeactivateNotification           0x0800115d   Thumb Code    42  stm32f4xx_hal_can.o(i.HAL_CAN_DeactivateNotification)
    HAL_CAN_ErrorCallback                    0x08001187   Thumb Code     2  stm32f4xx_hal_can.o(i.HAL_CAN_ErrorCallback)
    HAL_CAN_GetRxMessage                     0x08001189   Thumb Code   378  stm32f4xx_hal_can.o(i.HAL_CAN_GetRxMessage)
    HAL_CAN_IRQHandler                       0x08001303   Thumb Code   590  stm32f4xx_hal_can.o(i.HAL_CAN_IRQHandler)
    HAL_CAN_Init                             0x08001551   Thumb Code   372  stm32f4xx_hal_can.o(i.HAL_CAN_Init)
    HAL_CAN_MspInit                          0x080016c5   Thumb Code   330  can.o(i.HAL_CAN_MspInit)
    HAL_CAN_RxFifo0FullCallback              0x08001829   Thumb Code     2  stm32f4xx_hal_can.o(i.HAL_CAN_RxFifo0FullCallback)
    HAL_CAN_RxFifo0MsgPendingCallback        0x0800182d   Thumb Code    62  can_bldc.o(i.HAL_CAN_RxFifo0MsgPendingCallback)
    HAL_CAN_RxFifo1FullCallback              0x08001875   Thumb Code     2  stm32f4xx_hal_can.o(i.HAL_CAN_RxFifo1FullCallback)
    HAL_CAN_RxFifo1MsgPendingCallback        0x08001879   Thumb Code    62  can_bldc.o(i.HAL_CAN_RxFifo1MsgPendingCallback)
    HAL_CAN_SleepCallback                    0x080018c1   Thumb Code     2  stm32f4xx_hal_can.o(i.HAL_CAN_SleepCallback)
    HAL_CAN_Start                            0x080018c3   Thumb Code    94  stm32f4xx_hal_can.o(i.HAL_CAN_Start)
    HAL_CAN_TxMailbox0AbortCallback          0x08001921   Thumb Code     2  stm32f4xx_hal_can.o(i.HAL_CAN_TxMailbox0AbortCallback)
    HAL_CAN_TxMailbox0CompleteCallback       0x08001923   Thumb Code     2  stm32f4xx_hal_can.o(i.HAL_CAN_TxMailbox0CompleteCallback)
    HAL_CAN_TxMailbox1AbortCallback          0x08001925   Thumb Code     2  stm32f4xx_hal_can.o(i.HAL_CAN_TxMailbox1AbortCallback)
    HAL_CAN_TxMailbox1CompleteCallback       0x08001927   Thumb Code     2  stm32f4xx_hal_can.o(i.HAL_CAN_TxMailbox1CompleteCallback)
    HAL_CAN_TxMailbox2AbortCallback          0x08001929   Thumb Code     2  stm32f4xx_hal_can.o(i.HAL_CAN_TxMailbox2AbortCallback)
    HAL_CAN_TxMailbox2CompleteCallback       0x0800192b   Thumb Code     2  stm32f4xx_hal_can.o(i.HAL_CAN_TxMailbox2CompleteCallback)
    HAL_CAN_WakeUpFromRxMsgCallback          0x0800192d   Thumb Code     2  stm32f4xx_hal_can.o(i.HAL_CAN_WakeUpFromRxMsgCallback)
    HAL_DMA_Abort_IT                         0x0800192f   Thumb Code    40  stm32f4xx_hal_dma.o(i.HAL_DMA_Abort_IT)
    HAL_DMA_IRQHandler                       0x08001959   Thumb Code   570  stm32f4xx_hal_dma.o(i.HAL_DMA_IRQHandler)
    HAL_DMA_Init                             0x08001b99   Thumb Code   232  stm32f4xx_hal_dma.o(i.HAL_DMA_Init)
    HAL_DMA_Start_IT                         0x08001c85   Thumb Code   146  stm32f4xx_hal_dma.o(i.HAL_DMA_Start_IT)
    HAL_GPIO_Init                            0x08001d19   Thumb Code   472  stm32f4xx_hal_gpio.o(i.HAL_GPIO_Init)
    HAL_GPIO_WritePin                        0x08001f25   Thumb Code    12  stm32f4xx_hal_gpio.o(i.HAL_GPIO_WritePin)
    HAL_GetTick                              0x08001f31   Thumb Code     6  stm32f4xx_hal.o(i.HAL_GetTick)
    HAL_IncTick                              0x08001f3d   Thumb Code    16  stm32f4xx_hal.o(i.HAL_IncTick)
    HAL_Init                                 0x08001f55   Thumb Code    54  stm32f4xx_hal.o(i.HAL_Init)
    HAL_InitTick                             0x08001f91   Thumb Code    64  stm32f4xx_hal.o(i.HAL_InitTick)
    HAL_MspInit                              0x08001fdd   Thumb Code    68  stm32f4xx_hal_msp.o(i.HAL_MspInit)
    HAL_NVIC_EnableIRQ                       0x08002025   Thumb Code    32  stm32f4xx_hal_cortex.o(i.HAL_NVIC_EnableIRQ)
    HAL_NVIC_SetPriority                     0x08002045   Thumb Code   124  stm32f4xx_hal_cortex.o(i.HAL_NVIC_SetPriority)
    HAL_NVIC_SetPriorityGrouping             0x080020c1   Thumb Code    32  stm32f4xx_hal_cortex.o(i.HAL_NVIC_SetPriorityGrouping)
    HAL_RCC_ClockConfig                      0x080020e9   Thumb Code   368  stm32f4xx_hal_rcc.o(i.HAL_RCC_ClockConfig)
    HAL_RCC_GetSysClockFreq                  0x0800226d   Thumb Code   162  stm32f4xx_hal_rcc.o(i.HAL_RCC_GetSysClockFreq)
    HAL_RCC_OscConfig                        0x0800231d   Thumb Code  1172  stm32f4xx_hal_rcc.o(i.HAL_RCC_OscConfig)
    HAL_SPI_ErrorCallback                    0x080027b9   Thumb Code     2  stm32f4xx_hal_spi.o(i.HAL_SPI_ErrorCallback)
    HAL_SPI_GetState                         0x080027bb   Thumb Code     8  stm32f4xx_hal_spi.o(i.HAL_SPI_GetState)
    HAL_SPI_IRQHandler                       0x080027c5   Thumb Code   342  stm32f4xx_hal_spi.o(i.HAL_SPI_IRQHandler)
    HAL_SPI_Init                             0x08002921   Thumb Code   200  stm32f4xx_hal_spi.o(i.HAL_SPI_Init)
    HAL_SPI_MspInit                          0x080029e9   Thumb Code   270  spi.o(i.HAL_SPI_MspInit)
    HAL_SPI_RxCpltCallback                   0x08002b11   Thumb Code     2  stm32f4xx_hal_spi.o(i.HAL_SPI_RxCpltCallback)
    HAL_SPI_RxHalfCpltCallback               0x08002b13   Thumb Code     2  stm32f4xx_hal_spi.o(i.HAL_SPI_RxHalfCpltCallback)
    HAL_SPI_TransmitReceive_DMA              0x08002b15   Thumb Code   342  stm32f4xx_hal_spi.o(i.HAL_SPI_TransmitReceive_DMA)
    HAL_SPI_TxRxCpltCallback                 0x08002c81   Thumb Code   100  spi_dma.o(i.HAL_SPI_TxRxCpltCallback)
    HAL_SPI_TxRxHalfCpltCallback             0x08002cf9   Thumb Code     2  stm32f4xx_hal_spi.o(i.HAL_SPI_TxRxHalfCpltCallback)
    HAL_SYSTICK_Config                       0x08002cfb   Thumb Code    52  stm32f4xx_hal_cortex.o(i.HAL_SYSTICK_Config)
    HardFault_Handler                        0x08002d2f   Thumb Code     4  stm32f4xx_it.o(i.HardFault_Handler)
    INIT_MOTORS                              0x08002d35   Thumb Code   120  can_bldc.o(i.INIT_MOTORS)
    INIT_SYSTEM                              0x08002db9   Thumb Code    56  main.o(i.INIT_SYSTEM)
    MX_CAN1_Init                             0x08002df1   Thumb Code    54  can.o(i.MX_CAN1_Init)
    MX_CAN2_Init                             0x08002e31   Thumb Code    54  can.o(i.MX_CAN2_Init)
    MX_DMA_Init                              0x08002e71   Thumb Code    84  dma.o(i.MX_DMA_Init)
    MX_GPIO_Init                             0x08002ec9   Thumb Code   266  gpio.o(i.MX_GPIO_Init)
    MX_SPI4_Init                             0x08002fe1   Thumb Code    48  spi.o(i.MX_SPI4_Init)
    MemManage_Handler                        0x08003019   Thumb Code     4  stm32f4xx_it.o(i.MemManage_Handler)
    NMI_Handler                              0x0800301d   Thumb Code     4  stm32f4xx_it.o(i.NMI_Handler)
    OPEN_POWER                               0x08003021   Thumb Code    14  can_bldc.o(i.OPEN_POWER)
    PendSV_Handler                           0x08003035   Thumb Code     2  stm32f4xx_it.o(i.PendSV_Handler)
    Receive_BLDC_Data                        0x08003039   Thumb Code   132  can_bldc.o(i.Receive_BLDC_Data)
    SET_MOTOR_MODE                           0x080030cd   Thumb Code   138  can_bldc.o(i.SET_MOTOR_MODE)
    SPI4_IRQHandler                          0x08003161   Thumb Code    10  stm32f4xx_it.o(i.SPI4_IRQHandler)
    SPI_COMMAND_2_DATA                       0x08003171   Thumb Code   412  spi_dma.o(i.SPI_COMMAND_2_DATA)
    SPI_DATA_2_COMMAND                       0x0800330d   Thumb Code   182  spi_dma.o(i.SPI_DATA_2_COMMAND)
    SPI_DATA_INIT                            0x080033c5   Thumb Code    60  spi_dma.o(i.SPI_DATA_INIT)
    SPI_REFRESH_DATA                         0x08003659   Thumb Code   178  spi_dma.o(i.SPI_REFRESH_DATA)
    SPI_RUN                                  0x08003719   Thumb Code    50  spi_dma.o(i.SPI_RUN)
    SVC_Handler                              0x08003839   Thumb Code     2  stm32f4xx_it.o(i.SVC_Handler)
    SysTick_Handler                          0x0800383b   Thumb Code     8  stm32f4xx_it.o(i.SysTick_Handler)
    SystemClock_Config                       0x08003845   Thumb Code   170  main.o(i.SystemClock_Config)
    SystemInit                               0x080038f9   Thumb Code    14  system_stm32f4xx.o(i.SystemInit)
    USART1_IRQHandler                        0x0800390d   Thumb Code   264  remote_control.o(i.USART1_IRQHandler)
    UsageFault_Handler                       0x08003a31   Thumb Code     4  stm32f4xx_it.o(i.UsageFault_Handler)
    __hardfp_fmaxf                           0x08003a6d   Thumb Code    26  struct_typedef.o(i.__hardfp_fmaxf)
    __hardfp_fminf                           0x08003a87   Thumb Code    26  struct_typedef.o(i.__hardfp_fminf)
    can_filter_init                          0x08003aa1   Thumb Code    90  bsp_can.o(i.can_filter_init)
    data_checksum                            0x08003b05   Thumb Code    26  spi_dma.o(i.data_checksum)
    delay_ms                                 0x08003b1f   Thumb Code    24  bsp_delay.o(i.delay_ms)
    delay_us                                 0x08003b37   Thumb Code    54  bsp_delay.o(i.delay_us)
    float_to_uint                            0x08003b6d   Thumb Code    50  struct_typedef.o(i.float_to_uint)
    get_SPI_RX_DATA                          0x08003ba1   Thumb Code     4  spi_dma.o(i.get_SPI_RX_DATA)
    get_SPI_TX_DATA                          0x08003ba9   Thumb Code     4  spi_dma.o(i.get_SPI_TX_DATA)
    main                                     0x08003bb1   Thumb Code    40  main.o(i.main)
    uint32touint8                            0x08003cbb   Thumb Code    64  spi_dma.o(i.uint32touint8)
    uint8touint32                            0x08003cfb   Thumb Code    54  spi_dma.o(i.uint8touint32)
    uint_to_float                            0x08003d31   Thumb Code    52  struct_typedef.o(i.uint_to_float)
    __aeabi_d2f                              0x08003d65   Thumb Code     0  d2f.o(x$fpl$d2f)
    _d2f                                     0x08003d65   Thumb Code    98  d2f.o(x$fpl$d2f)
    __aeabi_ddiv                             0x08003dc9   Thumb Code     0  ddiv.o(x$fpl$ddiv)
    _ddiv                                    0x08003dc9   Thumb Code   552  ddiv.o(x$fpl$ddiv)
    __aeabi_i2d                              0x08004079   Thumb Code     0  dflt_clz.o(x$fpl$dflt)
    _dflt                                    0x08004079   Thumb Code    46  dflt_clz.o(x$fpl$dflt)
    __aeabi_dmul                             0x080040a9   Thumb Code     0  dmul.o(x$fpl$dmul)
    _dmul                                    0x080040a9   Thumb Code   332  dmul.o(x$fpl$dmul)
    __fpl_dnaninf                            0x080041fd   Thumb Code   156  dnaninf.o(x$fpl$dnaninf)
    __fpl_dretinf                            0x08004299   Thumb Code    12  dretinf.o(x$fpl$dretinf)
    _fp_init                                 0x080042a5   Thumb Code    10  fpinit.o(x$fpl$fpinit)
    __fplib_config_fpu_vfp                   0x080042ad   Thumb Code     0  fpinit.o(x$fpl$fpinit)
    __fplib_config_pureend_doubles           0x080042ad   Thumb Code     0  fpinit.o(x$fpl$fpinit)
    __fpl_fretinf                            0x080042af   Thumb Code    10  fretinf.o(x$fpl$fretinf)
    __I$use$fp                               0x080042b8   Number         0  usenofp.o(x$fpl$usenofp)
    AHBPrescTable                            0x080042c0   Data          16  system_stm32f4xx.o(.constdata)
    APBPrescTable                            0x080042d0   Data           8  system_stm32f4xx.o(.constdata)
    Region$$Table$$Base                      0x080042d8   Number         0  anon$$obj.o(Region$$Table)
    Region$$Table$$Limit                     0x080042f8   Number         0  anon$$obj.o(Region$$Table)
    loop_check                               0x20000000   Data           4  main.o(.data)
    uwTick                                   0x20000008   Data           4  stm32f4xx_hal.o(.data)
    uwTickPrio                               0x2000000c   Data           4  stm32f4xx_hal.o(.data)
    uwTickFreq                               0x20000010   Data           1  stm32f4xx_hal.o(.data)
    SystemCoreClock                          0x20000014   Data           4  system_stm32f4xx.o(.data)
    BLDC_tx_message_data                     0x20000018   Data           8  can_bldc.o(.data)
    MOTOR_CONTROL                            0x20000020   Data           4  can_bldc.o(.data)
    LED_PINS                                 0x20000024   Data          12  can_bldc.o(.data)
    enable                                   0x20000030   Data           1  can_bldc.o(.data)
    DESIRED_POSITION                         0x20000034   Data          24  can_bldc.o(.data)
    local_SPI_RX_DATA                        0x2000004c   Data           4  can_bldc.o(.data)
    local_SPI_TX_DATA                        0x20000050   Data           4  can_bldc.o(.data)
    Check_Knee                               0x20000054   Data           4  can_bldc.o(.data)
    check_temp_test                          0x2000005c   Data           4  spi_dma.o(.data)
    spi_count                                0x20000060   Data           4  spi_dma.o(.data)
    flag_leg                                 0x20000064   Data           8  spi_dma.o(.data)
    hcan1                                    0x2000006c   Data          40  can.o(.bss)
    hcan2                                    0x20000094   Data          40  can.o(.bss)
    hspi4                                    0x200000bc   Data          88  spi.o(.bss)
    hdma_spi4_rx                             0x20000114   Data          96  spi.o(.bss)
    hdma_spi4_tx                             0x20000174   Data          96  spi.o(.bss)
    huart1                                   0x200001d4   Data          68  usart.o(.bss)
    hdma_usart1_rx                           0x20000218   Data          96  usart.o(.bss)
    BLDC_tx_message                          0x20000278   Data          24  can_bldc.o(.bss)
    BLDC_Motor                               0x20000290   Data          96  can_bldc.o(.bss)
    CAN_SETMESSAGES                          0x200002f0   Data          24  can_bldc.o(.bss)
    rc_ctrl                                  0x20000308   Data          22  remote_control.o(.bss)
    SPI_RX_COMMAND                           0x20000368   Data         132  spi_dma.o(.bss)
    SPI_RX_DATA                              0x200003ec   Data         128  spi_dma.o(.bss)
    SPI_TX_COMMAND                           0x2000046c   Data          60  spi_dma.o(.bss)
    SPI_TX_DATA                              0x200004a8   Data          56  spi_dma.o(.bss)
    TX_BUFFER                                0x200004e0   Data          60  spi_dma.o(.bss)
    RX_BUFFER                                0x2000051c   Data         132  spi_dma.o(.bss)
    __libspace_start                         0x200005a0   Data          96  libspace.o(.bss)
    __temporary_stack_top$libspace           0x20000600   Data           0  libspace.o(.bss)



==============================================================================

Memory Map of the image

  Image Entry point : 0x080001ad

  Load Region LR_IROM1 (Base: 0x08000000, Size: 0x00004364, Max: 0x00200000, ABSOLUTE)

    Execution Region ER_IROM1 (Base: 0x08000000, Size: 0x000042f8, Max: 0x00200000, ABSOLUTE)

    Base Addr    Size         Type   Attr      Idx    E Section Name        Object

    0x08000000   0x000001ac   Data   RO            3    RESET               startup_stm32f427xx.o
    0x080001ac   0x00000008   Code   RO         4369  * !!!main             c_w.l(__main.o)
    0x080001b4   0x00000034   Code   RO         4557    !!!scatter          c_w.l(__scatter.o)
    0x080001e8   0x0000001a   Code   RO         4559    !!handler_copy      c_w.l(__scatter_copy.o)
    0x08000202   0x00000002   PAD
    0x08000204   0x0000001c   Code   RO         4561    !!handler_zi        c_w.l(__scatter_zi.o)
    0x08000220   0x00000002   Code   RO         4427    .ARM.Collect$$libinit$$00000000  c_w.l(libinit.o)
    0x08000222   0x00000004   Code   RO         4439    .ARM.Collect$$libinit$$00000001  c_w.l(libinit2.o)
    0x08000226   0x00000000   Code   RO         4442    .ARM.Collect$$libinit$$00000004  c_w.l(libinit2.o)
    0x08000226   0x00000000   Code   RO         4445    .ARM.Collect$$libinit$$0000000A  c_w.l(libinit2.o)
    0x08000226   0x00000000   Code   RO         4447    .ARM.Collect$$libinit$$0000000C  c_w.l(libinit2.o)
    0x08000226   0x00000000   Code   RO         4449    .ARM.Collect$$libinit$$0000000E  c_w.l(libinit2.o)
    0x08000226   0x00000000   Code   RO         4452    .ARM.Collect$$libinit$$00000011  c_w.l(libinit2.o)
    0x08000226   0x00000000   Code   RO         4454    .ARM.Collect$$libinit$$00000013  c_w.l(libinit2.o)
    0x08000226   0x00000000   Code   RO         4456    .ARM.Collect$$libinit$$00000015  c_w.l(libinit2.o)
    0x08000226   0x00000000   Code   RO         4458    .ARM.Collect$$libinit$$00000017  c_w.l(libinit2.o)
    0x08000226   0x00000000   Code   RO         4460    .ARM.Collect$$libinit$$00000019  c_w.l(libinit2.o)
    0x08000226   0x00000000   Code   RO         4462    .ARM.Collect$$libinit$$0000001B  c_w.l(libinit2.o)
    0x08000226   0x00000000   Code   RO         4464    .ARM.Collect$$libinit$$0000001D  c_w.l(libinit2.o)
    0x08000226   0x00000000   Code   RO         4466    .ARM.Collect$$libinit$$0000001F  c_w.l(libinit2.o)
    0x08000226   0x00000000   Code   RO         4468    .ARM.Collect$$libinit$$00000021  c_w.l(libinit2.o)
    0x08000226   0x00000000   Code   RO         4470    .ARM.Collect$$libinit$$00000023  c_w.l(libinit2.o)
    0x08000226   0x00000000   Code   RO         4472    .ARM.Collect$$libinit$$00000025  c_w.l(libinit2.o)
    0x08000226   0x00000000   Code   RO         4476    .ARM.Collect$$libinit$$0000002C  c_w.l(libinit2.o)
    0x08000226   0x00000000   Code   RO         4478    .ARM.Collect$$libinit$$0000002E  c_w.l(libinit2.o)
    0x08000226   0x00000000   Code   RO         4480    .ARM.Collect$$libinit$$00000030  c_w.l(libinit2.o)
    0x08000226   0x00000000   Code   RO         4482    .ARM.Collect$$libinit$$00000032  c_w.l(libinit2.o)
    0x08000226   0x00000002   Code   RO         4483    .ARM.Collect$$libinit$$00000033  c_w.l(libinit2.o)
    0x08000228   0x00000002   Code   RO         4514    .ARM.Collect$$libshutdown$$00000000  c_w.l(libshutdown.o)
    0x0800022a   0x00000000   Code   RO         4540    .ARM.Collect$$libshutdown$$00000002  c_w.l(libshutdown2.o)
    0x0800022a   0x00000000   Code   RO         4542    .ARM.Collect$$libshutdown$$00000004  c_w.l(libshutdown2.o)
    0x0800022a   0x00000000   Code   RO         4545    .ARM.Collect$$libshutdown$$00000007  c_w.l(libshutdown2.o)
    0x0800022a   0x00000000   Code   RO         4548    .ARM.Collect$$libshutdown$$0000000A  c_w.l(libshutdown2.o)
    0x0800022a   0x00000000   Code   RO         4550    .ARM.Collect$$libshutdown$$0000000C  c_w.l(libshutdown2.o)
    0x0800022a   0x00000000   Code   RO         4553    .ARM.Collect$$libshutdown$$0000000F  c_w.l(libshutdown2.o)
    0x0800022a   0x00000002   Code   RO         4554    .ARM.Collect$$libshutdown$$00000010  c_w.l(libshutdown2.o)
    0x0800022c   0x00000000   Code   RO         4385    .ARM.Collect$$rtentry$$00000000  c_w.l(__rtentry.o)
    0x0800022c   0x00000000   Code   RO         4398    .ARM.Collect$$rtentry$$00000002  c_w.l(__rtentry2.o)
    0x0800022c   0x00000006   Code   RO         4410    .ARM.Collect$$rtentry$$00000004  c_w.l(__rtentry4.o)
    0x08000232   0x00000000   Code   RO         4400    .ARM.Collect$$rtentry$$00000009  c_w.l(__rtentry2.o)
    0x08000232   0x00000004   Code   RO         4401    .ARM.Collect$$rtentry$$0000000A  c_w.l(__rtentry2.o)
    0x08000236   0x00000000   Code   RO         4403    .ARM.Collect$$rtentry$$0000000C  c_w.l(__rtentry2.o)
    0x08000236   0x00000008   Code   RO         4404    .ARM.Collect$$rtentry$$0000000D  c_w.l(__rtentry2.o)
    0x0800023e   0x00000002   Code   RO         4431    .ARM.Collect$$rtexit$$00000000  c_w.l(rtexit.o)
    0x08000240   0x00000000   Code   RO         4487    .ARM.Collect$$rtexit$$00000002  c_w.l(rtexit2.o)
    0x08000240   0x00000004   Code   RO         4488    .ARM.Collect$$rtexit$$00000003  c_w.l(rtexit2.o)
    0x08000244   0x00000006   Code   RO         4489    .ARM.Collect$$rtexit$$00000004  c_w.l(rtexit2.o)
    0x0800024a   0x00000002   PAD
    0x0800024c   0x00000040   Code   RO            4    .text               startup_stm32f427xx.o
    0x0800028c   0x000000ee   Code   RO         4363    .text               c_w.l(lludivv7m.o)
    0x0800037a   0x0000004e   Code   RO         4365    .text               c_w.l(rt_memclr_w.o)
    0x080003c8   0x00000006   Code   RO         4367    .text               c_w.l(heapauxi.o)
    0x080003ce   0x0000004a   Code   RO         4414    .text               c_w.l(sys_stackheap_outer.o)
    0x08000418   0x00000012   Code   RO         4416    .text               c_w.l(exit.o)
    0x0800042a   0x00000002   PAD
    0x0800042c   0x00000008   Code   RO         4428    .text               c_w.l(libspace.o)
    0x08000434   0x0000000c   Code   RO         4484    .text               c_w.l(sys_exit.o)
    0x08000440   0x00000002   Code   RO         4503    .text               c_w.l(use_no_semi.o)
    0x08000442   0x00000000   Code   RO         4505    .text               c_w.l(indicate_semi.o)
    0x08000442   0x00000002   PAD
    0x08000444   0x00000078   Code   RO         4021    i.BLDC_MOTORS_INIT  can_bldc.o
    0x080004bc   0x00000004   Code   RO          436    i.BusFault_Handler  stm32f4xx_it.o
    0x080004c0   0x00000010   Code   RO          437    i.CAN1_RX0_IRQHandler  stm32f4xx_it.o
    0x080004d0   0x00000010   Code   RO          438    i.CAN2_RX1_IRQHandler  stm32f4xx_it.o
    0x080004e0   0x000001a8   Code   RO         3824    i.CAN_AddTxMessage  bsp_can.o
    0x08000688   0x00000464   Code   RO         4022    i.CAN_BLDC_SEND_COMMAND  can_bldc.o
    0x08000aec   0x00000174   Code   RO         4023    i.CAN_BLDC_cmd      can_bldc.o
    0x08000c60   0x00000018   Code   RO         4024    i.CAN_SetMsg_Leg1_ABAD  can_bldc.o
    0x08000c78   0x00000018   Code   RO         4025    i.CAN_SetMsg_Leg1_HIP  can_bldc.o
    0x08000c90   0x00000018   Code   RO         4026    i.CAN_SetMsg_Leg1_KNEE  can_bldc.o
    0x08000ca8   0x00000018   Code   RO         4027    i.CAN_SetMsg_Leg2_ABAD  can_bldc.o
    0x08000cc0   0x00000018   Code   RO         4028    i.CAN_SetMsg_Leg2_HIP  can_bldc.o
    0x08000cd8   0x00000018   Code   RO         4029    i.CAN_SetMsg_Leg2_KNEE  can_bldc.o
    0x08000cf0   0x00000010   Code   RO          439    i.DMA2_Stream0_IRQHandler  stm32f4xx_it.o
    0x08000d00   0x00000010   Code   RO          440    i.DMA2_Stream1_IRQHandler  stm32f4xx_it.o
    0x08000d10   0x00000010   Code   RO          441    i.DMA2_Stream2_IRQHandler  stm32f4xx_it.o
    0x08000d20   0x00000034   Code   RO         1367    i.DMA_CalcBaseAndBitshift  stm32f4xx_hal_dma.o
    0x08000d54   0x000000aa   Code   RO         1368    i.DMA_CheckFifoParam  stm32f4xx_hal_dma.o
    0x08000dfe   0x0000002c   Code   RO         1369    i.DMA_SetConfig     stm32f4xx_hal_dma.o
    0x08000e2a   0x00000002   Code   RO          442    i.DebugMon_Handler  stm32f4xx_it.o
    0x08000e2c   0x00000084   Code   RO         4031    i.Disable_Leg       can_bldc.o
    0x08000eb0   0x00000006   Code   RO           13    i.Error_Handler     main.o
    0x08000eb6   0x0000002a   Code   RO          573    i.HAL_CAN_ActivateNotification  stm32f4xx_hal_can.o
    0x08000ee0   0x00000156   Code   RO          574    i.HAL_CAN_AddTxMessage  stm32f4xx_hal_can.o
    0x08001036   0x00000002   PAD
    0x08001038   0x00000124   Code   RO          575    i.HAL_CAN_ConfigFilter  stm32f4xx_hal_can.o
    0x0800115c   0x0000002a   Code   RO          577    i.HAL_CAN_DeactivateNotification  stm32f4xx_hal_can.o
    0x08001186   0x00000002   Code   RO          578    i.HAL_CAN_ErrorCallback  stm32f4xx_hal_can.o
    0x08001188   0x0000017a   Code   RO          581    i.HAL_CAN_GetRxMessage  stm32f4xx_hal_can.o
    0x08001302   0x0000024e   Code   RO          585    i.HAL_CAN_IRQHandler  stm32f4xx_hal_can.o
    0x08001550   0x00000174   Code   RO          586    i.HAL_CAN_Init      stm32f4xx_hal_can.o
    0x080016c4   0x00000164   Code   RO          232    i.HAL_CAN_MspInit   can.o
    0x08001828   0x00000002   Code   RO          593    i.HAL_CAN_RxFifo0FullCallback  stm32f4xx_hal_can.o
    0x0800182a   0x00000002   PAD
    0x0800182c   0x00000048   Code   RO         4032    i.HAL_CAN_RxFifo0MsgPendingCallback  can_bldc.o
    0x08001874   0x00000002   Code   RO          595    i.HAL_CAN_RxFifo1FullCallback  stm32f4xx_hal_can.o
    0x08001876   0x00000002   PAD
    0x08001878   0x00000048   Code   RO         4033    i.HAL_CAN_RxFifo1MsgPendingCallback  can_bldc.o
    0x080018c0   0x00000002   Code   RO          597    i.HAL_CAN_SleepCallback  stm32f4xx_hal_can.o
    0x080018c2   0x0000005e   Code   RO          598    i.HAL_CAN_Start     stm32f4xx_hal_can.o
    0x08001920   0x00000002   Code   RO          600    i.HAL_CAN_TxMailbox0AbortCallback  stm32f4xx_hal_can.o
    0x08001922   0x00000002   Code   RO          601    i.HAL_CAN_TxMailbox0CompleteCallback  stm32f4xx_hal_can.o
    0x08001924   0x00000002   Code   RO          602    i.HAL_CAN_TxMailbox1AbortCallback  stm32f4xx_hal_can.o
    0x08001926   0x00000002   Code   RO          603    i.HAL_CAN_TxMailbox1CompleteCallback  stm32f4xx_hal_can.o
    0x08001928   0x00000002   Code   RO          604    i.HAL_CAN_TxMailbox2AbortCallback  stm32f4xx_hal_can.o
    0x0800192a   0x00000002   Code   RO          605    i.HAL_CAN_TxMailbox2CompleteCallback  stm32f4xx_hal_can.o
    0x0800192c   0x00000002   Code   RO          607    i.HAL_CAN_WakeUpFromRxMsgCallback  stm32f4xx_hal_can.o
    0x0800192e   0x00000028   Code   RO         1371    i.HAL_DMA_Abort_IT  stm32f4xx_hal_dma.o
    0x08001956   0x00000002   PAD
    0x08001958   0x00000240   Code   RO         1375    i.HAL_DMA_IRQHandler  stm32f4xx_hal_dma.o
    0x08001b98   0x000000ec   Code   RO         1376    i.HAL_DMA_Init      stm32f4xx_hal_dma.o
    0x08001c84   0x00000092   Code   RO         1380    i.HAL_DMA_Start_IT  stm32f4xx_hal_dma.o
    0x08001d16   0x00000002   PAD
    0x08001d18   0x0000020c   Code   RO         1263    i.HAL_GPIO_Init     stm32f4xx_hal_gpio.o
    0x08001f24   0x0000000c   Code   RO         1267    i.HAL_GPIO_WritePin  stm32f4xx_hal_gpio.o
    0x08001f30   0x0000000c   Code   RO         1820    i.HAL_GetTick       stm32f4xx_hal.o
    0x08001f3c   0x00000018   Code   RO         1826    i.HAL_IncTick       stm32f4xx_hal.o
    0x08001f54   0x0000003c   Code   RO         1827    i.HAL_Init          stm32f4xx_hal.o
    0x08001f90   0x0000004c   Code   RO         1828    i.HAL_InitTick      stm32f4xx_hal.o
    0x08001fdc   0x00000048   Code   RO          548    i.HAL_MspInit       stm32f4xx_hal_msp.o
    0x08002024   0x00000020   Code   RO         1670    i.HAL_NVIC_EnableIRQ  stm32f4xx_hal_cortex.o
    0x08002044   0x0000007c   Code   RO         1676    i.HAL_NVIC_SetPriority  stm32f4xx_hal_cortex.o
    0x080020c0   0x00000028   Code   RO         1677    i.HAL_NVIC_SetPriorityGrouping  stm32f4xx_hal_cortex.o
    0x080020e8   0x00000184   Code   RO          807    i.HAL_RCC_ClockConfig  stm32f4xx_hal_rcc.o
    0x0800226c   0x000000b0   Code   RO          816    i.HAL_RCC_GetSysClockFreq  stm32f4xx_hal_rcc.o
    0x0800231c   0x0000049c   Code   RO          819    i.HAL_RCC_OscConfig  stm32f4xx_hal_rcc.o
    0x080027b8   0x00000002   Code   RO         2082    i.HAL_SPI_ErrorCallback  stm32f4xx_hal_spi.o
    0x080027ba   0x00000008   Code   RO         2084    i.HAL_SPI_GetState  stm32f4xx_hal_spi.o
    0x080027c2   0x00000002   PAD
    0x080027c4   0x0000015c   Code   RO         2085    i.HAL_SPI_IRQHandler  stm32f4xx_hal_spi.o
    0x08002920   0x000000c8   Code   RO         2086    i.HAL_SPI_Init      stm32f4xx_hal_spi.o
    0x080029e8   0x00000128   Code   RO          305    i.HAL_SPI_MspInit   spi.o
    0x08002b10   0x00000002   Code   RO         2092    i.HAL_SPI_RxCpltCallback  stm32f4xx_hal_spi.o
    0x08002b12   0x00000002   Code   RO         2093    i.HAL_SPI_RxHalfCpltCallback  stm32f4xx_hal_spi.o
    0x08002b14   0x0000016c   Code   RO         2096    i.HAL_SPI_TransmitReceive_DMA  stm32f4xx_hal_spi.o
    0x08002c80   0x00000078   Code   RO         4210    i.HAL_SPI_TxRxCpltCallback  spi_dma.o
    0x08002cf8   0x00000002   Code   RO         2103    i.HAL_SPI_TxRxHalfCpltCallback  stm32f4xx_hal_spi.o
    0x08002cfa   0x00000034   Code   RO         1681    i.HAL_SYSTICK_Config  stm32f4xx_hal_cortex.o
    0x08002d2e   0x00000004   Code   RO          443    i.HardFault_Handler  stm32f4xx_it.o
    0x08002d32   0x00000002   PAD
    0x08002d34   0x00000084   Code   RO         4034    i.INIT_MOTORS       can_bldc.o
    0x08002db8   0x00000038   Code   RO           14    i.INIT_SYSTEM       main.o
    0x08002df0   0x00000040   Code   RO          233    i.MX_CAN1_Init      can.o
    0x08002e30   0x00000040   Code   RO          234    i.MX_CAN2_Init      can.o
    0x08002e70   0x00000058   Code   RO          280    i.MX_DMA_Init       dma.o
    0x08002ec8   0x00000118   Code   RO          207    i.MX_GPIO_Init      gpio.o
    0x08002fe0   0x00000038   Code   RO          306    i.MX_SPI4_Init      spi.o
    0x08003018   0x00000004   Code   RO          444    i.MemManage_Handler  stm32f4xx_it.o
    0x0800301c   0x00000004   Code   RO          445    i.NMI_Handler       stm32f4xx_it.o
    0x08003020   0x00000014   Code   RO         4035    i.OPEN_POWER        can_bldc.o
    0x08003034   0x00000002   Code   RO          446    i.PendSV_Handler    stm32f4xx_it.o
    0x08003036   0x00000002   PAD
    0x08003038   0x00000094   Code   RO         4036    i.Receive_BLDC_Data  can_bldc.o
    0x080030cc   0x00000094   Code   RO         4037    i.SET_MOTOR_MODE    can_bldc.o
    0x08003160   0x00000010   Code   RO          447    i.SPI4_IRQHandler   stm32f4xx_it.o
    0x08003170   0x0000019c   Code   RO         4211    i.SPI_COMMAND_2_DATA  spi_dma.o
    0x0800330c   0x000000b6   Code   RO         4212    i.SPI_DATA_2_COMMAND  spi_dma.o
    0x080033c2   0x00000002   PAD
    0x080033c4   0x00000058   Code   RO         4213    i.SPI_DATA_INIT     spi_dma.o
    0x0800341c   0x00000014   Code   RO         2113    i.SPI_DMAAbortOnError  stm32f4xx_hal_spi.o
    0x08003430   0x00000028   Code   RO         2114    i.SPI_DMAError      stm32f4xx_hal_spi.o
    0x08003458   0x0000000e   Code   RO         2115    i.SPI_DMAHalfReceiveCplt  stm32f4xx_hal_spi.o
    0x08003466   0x0000000e   Code   RO         2117    i.SPI_DMAHalfTransmitReceiveCplt  stm32f4xx_hal_spi.o
    0x08003474   0x0000007c   Code   RO         2118    i.SPI_DMAReceiveCplt  stm32f4xx_hal_spi.o
    0x080034f0   0x00000068   Code   RO         2121    i.SPI_DMATransmitReceiveCplt  stm32f4xx_hal_spi.o
    0x08003558   0x00000094   Code   RO         2123    i.SPI_EndRxTransaction  stm32f4xx_hal_spi.o
    0x080035ec   0x0000006c   Code   RO         2124    i.SPI_EndRxTxTransaction  stm32f4xx_hal_spi.o
    0x08003658   0x000000c0   Code   RO         4214    i.SPI_REFRESH_DATA  spi_dma.o
    0x08003718   0x00000048   Code   RO         4215    i.SPI_RUN           spi_dma.o
    0x08003760   0x000000d8   Code   RO         2129    i.SPI_WaitFlagStateUntilTimeout  stm32f4xx_hal_spi.o
    0x08003838   0x00000002   Code   RO          448    i.SVC_Handler       stm32f4xx_it.o
    0x0800383a   0x00000008   Code   RO          449    i.SysTick_Handler   stm32f4xx_it.o
    0x08003842   0x00000002   PAD
    0x08003844   0x000000b4   Code   RO           15    i.SystemClock_Config  main.o
    0x080038f8   0x00000014   Code   RO         3749    i.SystemInit        system_stm32f4xx.o
    0x0800390c   0x00000124   Code   RO         4161    i.USART1_IRQHandler  remote_control.o
    0x08003a30   0x00000004   Code   RO          450    i.UsageFault_Handler  stm32f4xx_it.o
    0x08003a34   0x00000010   Code   RO         1683    i.__NVIC_GetPriorityGrouping  stm32f4xx_hal_cortex.o
    0x08003a44   0x00000028   Code   RO         1684    i.__NVIC_SetPriority  stm32f4xx_hal_cortex.o
    0x08003a6c   0x0000001a   Code   RO         3782    i.__hardfp_fmaxf    struct_typedef.o
    0x08003a86   0x0000001a   Code   RO         3783    i.__hardfp_fminf    struct_typedef.o
    0x08003aa0   0x00000064   Code   RO         3826    i.can_filter_init   bsp_can.o
    0x08003b04   0x0000001a   Code   RO         4216    i.data_checksum     spi_dma.o
    0x08003b1e   0x00000018   Code   RO         3897    i.delay_ms          bsp_delay.o
    0x08003b36   0x00000036   Code   RO         3898    i.delay_us          bsp_delay.o
    0x08003b6c   0x00000032   Code   RO         3784    i.float_to_uint     struct_typedef.o
    0x08003b9e   0x00000002   PAD
    0x08003ba0   0x00000008   Code   RO         4218    i.get_SPI_RX_DATA   spi_dma.o
    0x08003ba8   0x00000008   Code   RO         4220    i.get_SPI_TX_DATA   spi_dma.o
    0x08003bb0   0x00000030   Code   RO           16    i.main              main.o
    0x08003be0   0x000000da   Code   RO         4164    i.sbus_to_rc        remote_control.o
    0x08003cba   0x00000040   Code   RO         4221    i.uint32touint8     spi_dma.o
    0x08003cfa   0x00000036   Code   RO         4222    i.uint8touint32     spi_dma.o
    0x08003d30   0x00000034   Code   RO         3785    i.uint_to_float     struct_typedef.o
    0x08003d64   0x00000062   Code   RO         4371    x$fpl$d2f           fz_wm.l(d2f.o)
    0x08003dc6   0x00000002   PAD
    0x08003dc8   0x000002b0   Code   RO         4374    x$fpl$ddiv          fz_wm.l(ddiv.o)
    0x08004078   0x0000002e   Code   RO         4378    x$fpl$dflt          fz_wm.l(dflt_clz.o)
    0x080040a6   0x00000002   PAD
    0x080040a8   0x00000154   Code   RO         4383    x$fpl$dmul          fz_wm.l(dmul.o)
    0x080041fc   0x0000009c   Code   RO         4390    x$fpl$dnaninf       fz_wm.l(dnaninf.o)
    0x08004298   0x0000000c   Code   RO         4392    x$fpl$dretinf       fz_wm.l(dretinf.o)
    0x080042a4   0x0000000a   Code   RO         4499    x$fpl$fpinit        fz_wm.l(fpinit.o)
    0x080042ae   0x0000000a   Code   RO         4394    x$fpl$fretinf       fz_wm.l(fretinf.o)
    0x080042b8   0x00000000   Code   RO         4396    x$fpl$usenofp       fz_wm.l(usenofp.o)
    0x080042b8   0x00000008   Data   RO         1382    .constdata          stm32f4xx_hal_dma.o
    0x080042c0   0x00000018   Data   RO         3750    .constdata          system_stm32f4xx.o
    0x080042d8   0x00000020   Data   RO         4555    Region$$Table       anon$$obj.o


    Execution Region RW_IRAM2 (Base: 0x10000000, Size: 0x00000000, Max: 0x00010000, ABSOLUTE)

    **** No section assigned to this execution region ****


    Execution Region RW_IRAM1 (Base: 0x20000000, Size: 0x00000c00, Max: 0x00030000, ABSOLUTE)

    Base Addr    Size         Type   Attr      Idx    E Section Name        Object

    0x20000000   0x00000004   Data   RW           17    .data               main.o
    0x20000004   0x00000004   Data   RW          236    .data               can.o
    0x20000008   0x00000009   Data   RW         1834    .data               stm32f4xx_hal.o
    0x20000011   0x00000003   PAD
    0x20000014   0x00000004   Data   RW         3751    .data               system_stm32f4xx.o
    0x20000018   0x00000042   Data   RW         4039    .data               can_bldc.o
    0x2000005a   0x00000002   Data   RW         4166    .data               remote_control.o
    0x2000005c   0x00000010   Data   RW         4224    .data               spi_dma.o
    0x2000006c   0x00000050   Zero   RW          235    .bss                can.o
    0x200000bc   0x00000118   Zero   RW          307    .bss                spi.o
    0x200001d4   0x000000a4   Zero   RW          397    .bss                usart.o
    0x20000278   0x00000090   Zero   RW         4038    .bss                can_bldc.o
    0x20000308   0x0000005e   Zero   RW         4165    .bss                remote_control.o
    0x20000366   0x00000002   PAD
    0x20000368   0x00000238   Zero   RW         4223    .bss                spi_dma.o
    0x200005a0   0x00000060   Zero   RW         4429    .bss                c_w.l(libspace.o)
    0x20000600   0x00000200   Zero   RW            2    HEAP                startup_stm32f427xx.o
    0x20000800   0x00000400   Zero   RW            1    STACK               startup_stm32f427xx.o


==============================================================================

Image component sizes


      Code (inc. data)   RO Data    RW Data    ZI Data      Debug   Object Name

       524         10          0          0          0       1911   bsp_can.o
        78          0          0          0          0     640798   bsp_delay.o
       484         46          0          4         80       2466   can.o
      2484        258          0         66        144      14950   can_bldc.o
        88          4          0          0          0        794   dma.o
       280         14          0          0          0       1083   gpio.o
       290         18          0          4          0     727435   main.o
       510         28          0          2         94       3406   remote_control.o
       352         34          0          0        280       1883   spi.o
      1226         92          0         16        568       7657   spi_dma.o
        64         26        428          0       1536        852   startup_stm32f427xx.o
       172         32          0          9          0       8949   stm32f4xx_hal.o
      2174          6          0          0          0      14632   stm32f4xx_hal_can.o
       304         22          0          0          0      34491   stm32f4xx_hal_cortex.o
      1264         16          8          0          0       6246   stm32f4xx_hal_dma.o
       536         52          0          0          0       2148   stm32f4xx_hal_gpio.o
        72          4          0          0          0        870   stm32f4xx_hal_msp.o
      1744         58          0          0          0       3916   stm32f4xx_hal_rcc.o
      1716         42          0          0          0      12918   stm32f4xx_hal_spi.o
       130         36          0          0          0       7326   stm32f4xx_it.o
       154          0          0          0          0       3108   struct_typedef.o
        20          6         24          4          0       1151   system_stm32f4xx.o
         0          0          0          0        164        256   usart.o

    ----------------------------------------------------------------------
     14688        804        492        108       2868    1499246   Object Totals
         0          0         32          0          0          0   (incl. Generated)
        22          0          0          3          2          0   (incl. Padding)

    ----------------------------------------------------------------------

      Code (inc. data)   RO Data    RW Data    ZI Data      Debug   Library Member Name

         8          0          0          0          0         68   __main.o
         0          0          0          0          0          0   __rtentry.o
        12          0          0          0          0          0   __rtentry2.o
         6          0          0          0          0          0   __rtentry4.o
        52          8          0          0          0          0   __scatter.o
        26          0          0          0          0          0   __scatter_copy.o
        28          0          0          0          0          0   __scatter_zi.o
        18          0          0          0          0         80   exit.o
         6          0          0          0          0        152   heapauxi.o
         0          0          0          0          0          0   indicate_semi.o
         2          0          0          0          0          0   libinit.o
         6          0          0          0          0          0   libinit2.o
         2          0          0          0          0          0   libshutdown.o
         2          0          0          0          0          0   libshutdown2.o
         8          4          0          0         96         68   libspace.o
       238          0          0          0          0        100   lludivv7m.o
        78          0          0          0          0         80   rt_memclr_w.o
         2          0          0          0          0          0   rtexit.o
        10          0          0          0          0          0   rtexit2.o
        12          4          0          0          0         68   sys_exit.o
        74          0          0          0          0         80   sys_stackheap_outer.o
         2          0          0          0          0         68   use_no_semi.o
        98          4          0          0          0        140   d2f.o
       688        140          0          0          0        256   ddiv.o
        46          0          0          0          0        116   dflt_clz.o
       340         12          0          0          0        152   dmul.o
       156          4          0          0          0        140   dnaninf.o
        12          0          0          0          0        116   dretinf.o
        10          0          0          0          0        116   fpinit.o
        10          0          0          0          0        116   fretinf.o
         0          0          0          0          0          0   usenofp.o

    ----------------------------------------------------------------------
      1964        176          0          0         96       1916   Library Totals
        12          0          0          0          0          0   (incl. Padding)

    ----------------------------------------------------------------------

      Code (inc. data)   RO Data    RW Data    ZI Data      Debug   Library Name

       592         16          0          0         96        764   c_w.l
      1360        160          0          0          0       1152   fz_wm.l

    ----------------------------------------------------------------------
      1964        176          0          0         96       1916   Library Totals

    ----------------------------------------------------------------------

==============================================================================


      Code (inc. data)   RO Data    RW Data    ZI Data      Debug   

     16652        980        492        108       2964    1489102   Grand Totals
     16652        980        492        108       2964    1489102   ELF Image Totals
     16652        980        492        108          0          0   ROM Totals

==============================================================================

    Total RO  Size (Code + RO Data)                17144 (  16.74kB)
    Total RW  Size (RW Data + ZI Data)              3072 (   3.00kB)
    Total ROM Size (Code + RO Data + RW Data)      17252 (  16.85kB)

==============================================================================

